Component: ARM Compiler 6.14 Tool: armlink [5db06800]

==============================================================================

Section Cross References

    startup_stm32h743xx.o(RESET) refers to startup_stm32h743xx.o(STACK) for __initial_sp
    startup_stm32h743xx.o(RESET) refers to startup_stm32h743xx.o(.text) for Reset_Handler
    startup_stm32h743xx.o(RESET) refers to stm32h7xx_it.o(.text.NMI_Handler) for NMI_Handler
    startup_stm32h743xx.o(RESET) refers to stm32h7xx_it.o(.text.HardFault_Handler) for HardFault_Handler
    startup_stm32h743xx.o(RESET) refers to stm32h7xx_it.o(.text.MemManage_Handler) for MemManage_Handler
    startup_stm32h743xx.o(RESET) refers to stm32h7xx_it.o(.text.BusFault_Handler) for BusFault_Handler
    startup_stm32h743xx.o(RESET) refers to stm32h7xx_it.o(.text.UsageFault_Handler) for UsageFault_Handler
    startup_stm32h743xx.o(RESET) refers to stm32h7xx_it.o(.text.SVC_Handler) for SVC_Handler
    startup_stm32h743xx.o(RESET) refers to stm32h7xx_it.o(.text.DebugMon_Handler) for DebugMon_Handler
    startup_stm32h743xx.o(RESET) refers to stm32h7xx_it.o(.text.PendSV_Handler) for PendSV_Handler
    startup_stm32h743xx.o(RESET) refers to stm32h7xx_it.o(.text.SysTick_Handler) for SysTick_Handler
    startup_stm32h743xx.o(RESET) refers to stm32h7xx_it.o(.text.USART3_IRQHandler) for USART3_IRQHandler
    startup_stm32h743xx.o(.text) refers to system_stm32h7xx.o(.text.SystemInit) for SystemInit
    startup_stm32h743xx.o(.text) refers to entry.o(.ARM.Collect$$$$00000000) for __main
    main.o(.text) refers (Special) to scanf_fp.o(.text) for _scanf_real
    main.o(.text.main) refers (Special) to scanf_fp.o(.text) for _scanf_real
    main.o(.text.main) refers to stm32h7xx_hal.o(.text.HAL_Init) for HAL_Init
    main.o(.text.main) refers to main.o(.text.SystemClock_Config) for SystemClock_Config
    main.o(.text.main) refers to gpio.o(.text.MX_GPIO_Init) for MX_GPIO_Init
    main.o(.text.main) refers to usart.o(.text.MX_USART1_UART_Init) for MX_USART1_UART_Init
    main.o(.text.main) refers to usart.o(.text.MX_USART2_UART_Init) for MX_USART2_UART_Init
    main.o(.text.main) refers to usart.o(.text.MX_USART3_UART_Init) for MX_USART3_UART_Init
    main.o(.text.main) refers to stm32h7xx_hal_uart.o(.text.HAL_UART_Receive_IT) for HAL_UART_Receive_IT
    main.o(.text.main) refers to stm32h7xx_hal_uart.o(.text.HAL_UART_Transmit_IT) for HAL_UART_Transmit_IT
    main.o(.text.main) refers to main.o(.text.StartMotor) for StartMotor
    main.o(.text.main) refers to main.o(.text.Check_Bluetooth) for Check_Bluetooth
    main.o(.text.main) refers to main.o(.text.TurnBack) for TurnBack
    main.o(.text.main) refers to stm32h7xx_hal.o(.text.HAL_Delay) for HAL_Delay
    main.o(.text.main) refers to usart.o(.bss.huart3) for huart3
    main.o(.text.main) refers to main.o(.bss..L_MergedGlobals) for [Anonymous Symbol]
    main.o(.text.main) refers to main.o(.rodata.str1.1) for .L.str
    main.o(.text.main) refers to stm32h7xx_hal_gpio.o(.text.HAL_GPIO_ReadPin) for HAL_GPIO_ReadPin
    main.o(.text.main) refers to main.o(.data.StartFlag) for StartFlag
    main.o(.text.main) refers to usart.o(.text.Motor_Rotate) for Motor_Rotate
    main.o(.ARM.exidx.text.main) refers (Special) to scanf_fp.o(.text) for _scanf_real
    main.o(.ARM.exidx.text.main) refers to main.o(.text.main) for [Anonymous Symbol]
    main.o(.text.SystemClock_Config) refers (Special) to scanf_fp.o(.text) for _scanf_real
    main.o(.text.SystemClock_Config) refers to memseta.o(.text) for __aeabi_memclr4
    main.o(.text.SystemClock_Config) refers to stm32h7xx_hal_pwr_ex.o(.text.HAL_PWREx_ConfigSupply) for HAL_PWREx_ConfigSupply
    main.o(.text.SystemClock_Config) refers to stm32h7xx_hal_rcc.o(.text.HAL_RCC_OscConfig) for HAL_RCC_OscConfig
    main.o(.text.SystemClock_Config) refers to stm32h7xx_hal_rcc.o(.text.HAL_RCC_ClockConfig) for HAL_RCC_ClockConfig
    main.o(.text.SystemClock_Config) refers to stm32h7xx_hal_rcc_ex.o(.text.HAL_RCCEx_PeriphCLKConfig) for HAL_RCCEx_PeriphCLKConfig
    main.o(.ARM.exidx.text.SystemClock_Config) refers (Special) to scanf_fp.o(.text) for _scanf_real
    main.o(.ARM.exidx.text.SystemClock_Config) refers to main.o(.text.SystemClock_Config) for [Anonymous Symbol]
    main.o(.text.StartMotor) refers (Special) to scanf_fp.o(.text) for _scanf_real
    main.o(.text.StartMotor) refers to usart.o(.text.Motor_Rotate) for Motor_Rotate
    main.o(.ARM.exidx.text.StartMotor) refers (Special) to scanf_fp.o(.text) for _scanf_real
    main.o(.ARM.exidx.text.StartMotor) refers to main.o(.text.StartMotor) for [Anonymous Symbol]
    main.o(.text.TurnBack) refers (Special) to scanf_fp.o(.text) for _scanf_real
    main.o(.text.TurnBack) refers to usart.o(.text.Motor_Rotate) for Motor_Rotate
    main.o(.ARM.exidx.text.TurnBack) refers (Special) to scanf_fp.o(.text) for _scanf_real
    main.o(.ARM.exidx.text.TurnBack) refers to main.o(.text.TurnBack) for [Anonymous Symbol]
[...]
    .ARM.Collect$$$$00000004                 0x0800029c   Section        4  entry5.o(.ARM.Collect$$$$00000004)
    .ARM.Collect$$$$00000008                 0x080002a0   Section        0  entry7b.o(.ARM.Collect$$$$00000008)
    .ARM.Collect$$$$0000000A                 0x080002a0   Section        0  entry8b.o(.ARM.Collect$$$$0000000A)
    .ARM.Collect$$$$0000000B                 0x080002a0   Section        8  entry9a.o(.ARM.Collect$$$$0000000B)
    __lit__00000000                          0x080002a8   Data           4  entry2.o(.ARM.Collect$$$$00002712)
    .ARM.Collect$$$$0000000D                 0x080002a8   Section        0  entry10a.o(.ARM.Collect$$$$0000000D)
    .ARM.Collect$$$$0000000F                 0x080002a8   Section        0  entry11a.o(.ARM.Collect$$$$0000000F)
    .ARM.Collect$$$$00002712                 0x080002a8   Section        4  entry2.o(.ARM.Collect$$$$00002712)
    $v0                                      0x080002ac   Number         0  startup_stm32h743xx.o(.text)
    .text                                    0x080002ac   Section       36  startup_stm32h743xx.o(.text)
    .text                                    0x080002d0   Section        0  uldiv.o(.text)
    .text                                    0x08000332   Section        0  memseta.o(.text)
    .text                                    0x08000356   Section        0  strcat.o(.text)
    .text                                    0x0800036e   Section        0  strlen.o(.text)
    .text                                    0x0800037c   Section        0  __0sscanf.o(.text)
    _fp_value                                0x080003b5   Thumb Code   296  scanf_fp.o(.text)
    .text                                    0x080003b4   Section        0  scanf_fp.o(.text)
    .text                                    0x08000714   Section        0  llshl.o(.text)
    .text                                    0x08000732   Section        0  llushr.o(.text)
    _scanf_char_input                        0x08000755   Thumb Code    12  scanf_char.o(.text)
    .text                                    0x08000754   Section        0  scanf_char.o(.text)
    .text                                    0x0800077c   Section        0  _sgetc.o(.text)
    .text                                    0x080007bc   Section        0  iusefp.o(.text)
    .text                                    0x080007bc   Section        0  dmul.o(.text)
    .text                                    0x080008a0   Section        0  ddiv.o(.text)
    .text                                    0x0800097e   Section        0  dfltul.o(.text)
    .text                                    0x08000996   Section        0  d2f.o(.text)
    .text                                    0x080009d0   Section       36  init.o(.text)
    .text                                    0x080009f4   Section        0  isspace_c.o(.text)
    .text                                    0x08000a00   Section        0  _scanf.o(.text)
    .text                                    0x08000d2c   Section        0  fepilogue.o(.text)
    .text                                    0x08000d9a   Section        0  depilogue.o(.text)
    .text                                    0x08000e54   Section        0  ctype_c.o(.text)
    [Anonymous Symbol]                       0x08000e7c   Section        0  stm32h7xx_it.o(.text.BusFault_Handler)
    [Anonymous Symbol]                       0x08000e80   Section        0  main.o(.text.Check_Bluetooth)
    __arm_cp.5_0                             0x08000ea4   Number         4  main.o(.text.Check_Bluetooth)
    [Anonymous Symbol]                       0x08000ea8   Section        0  stm32h7xx_it.o(.text.DebugMon_Handler)
    [Anonymous Symbol]                       0x08000eaa   Section        0  main.o(.text.Error_Handler)
    [Anonymous Symbol]                       0x08000eac   Section        0  stm32h7xx_hal_dma.o(.text.HAL_DMA_Abort_IT)
    __arm_cp.9_0                             0x08001020   Number         4  stm32h7xx_hal_dma.o(.text.HAL_DMA_Abort_IT)
    __arm_cp.9_1                             0x08001024   Number         4  stm32h7xx_hal_dma.o(.text.HAL_DMA_Abort_IT)
    __arm_cp.9_2                             0x08001028   Number         4  stm32h7xx_hal_dma.o(.text.HAL_DMA_Abort_IT)
    __arm_cp.9_3                             0x0800102c   Number         4  stm32h7xx_hal_dma.o(.text.HAL_DMA_Abort_IT)
    __arm_cp.9_4                             0x08001030   Number         4  stm32h7xx_hal_dma.o(.text.HAL_DMA_Abort_IT)
    __arm_cp.9_5                             0x08001034   Number         4  stm32h7xx_hal_dma.o(.text.HAL_DMA_Abort_IT)
    __arm_cp.9_6                             0x08001038   Number         4  stm32h7xx_hal_dma.o(.text.HAL_DMA_Abort_IT)
    __arm_cp.9_7                             0x0800103c   Number         4  stm32h7xx_hal_dma.o(.text.HAL_DMA_Abort_IT)
    __arm_cp.9_8                             0x08001040   Number         4  stm32h7xx_hal_dma.o(.text.HAL_DMA_Abort_IT)
    __arm_cp.9_9                             0x08001044   Number         4  stm32h7xx_hal_dma.o(.text.HAL_DMA_Abort_IT)
    __arm_cp.9_10                            0x08001048   Number         4  stm32h7xx_hal_dma.o(.text.HAL_DMA_Abort_IT)
    __arm_cp.9_11                            0x0800104c   Number         4  stm32h7xx_hal_dma.o(.text.HAL_DMA_Abort_IT)
    __arm_cp.9_12                            0x08001050   Number         4  stm32h7xx_hal_dma.o(.text.HAL_DMA_Abort_IT)
    __arm_cp.9_13                            0x08001054   Number         4  stm32h7xx_hal_dma.o(.text.HAL_DMA_Abort_IT)
    __arm_cp.9_14                            0x08001058   Number         4  stm32h7xx_hal_dma.o(.text.HAL_DMA_Abort_IT)
    __arm_cp.9_15                            0x0800105c   Number         4  stm32h7xx_hal_dma.o(.text.HAL_DMA_Abort_IT)
    __arm_cp.9_16                            0x08001060   Number         4  stm32h7xx_hal_dma.o(.text.HAL_DMA_Abort_IT)
    __arm_cp.9_17                            0x08001064   Number         4  stm32h7xx_hal_dma.o(.text.HAL_DMA_Abort_IT)
    __arm_cp.9_18                            0x08001068   Number         4  stm32h7xx_hal_dma.o(.text.HAL_DMA_Abort_IT)
    __arm_cp.9_19                            0x0800106c   Number         4  stm32h7xx_hal_dma.o(.text.HAL_DMA_Abort_IT)
    __arm_cp.9_20                            0x08001070   Number         4  stm32h7xx_hal_dma.o(.text.HAL_DMA_Abort_IT)
    __arm_cp.9_21                            0x08001074   Number         4  stm32h7xx_hal_dma.o(.text.HAL_DMA_Abort_IT)
    __arm_cp.9_22                            0x08001078   Number         4  stm32h7xx_hal_dma.o(.text.HAL_DMA_Abort_IT)
    __arm_cp.9_23                            0x0800107c   Number         4  stm32h7xx_hal_dma.o(.text.HAL_DMA_Abort_IT)
    [Anonymous Symbol]                       0x08001080   Section        0  stm32h7xx_hal.o(.text.HAL_Delay)
    [Anonymous Symbol]                       0x080010a0   Section        0  stm32h7xx_hal_gpio.o(.text.HAL_GPIO_Init)
    __arm_cp.0_0                             0x0800120c   Number         4  stm32h7xx_hal_gpio.o(.text.HAL_GPIO_Init)
    __arm_cp.0_1                             0x08001210   Number         4  stm32h7xx_hal_gpio.o(.text.HAL_GPIO_Init)
    __arm_cp.0_2                             0x08001214   Number         4  stm32h7xx_hal_gpio.o(.text.HAL_GPIO_Init)
    __arm_cp.0_4                             0x08001218   Number         4  stm32h7xx_hal_gpio.o(.text.HAL_GPIO_Init)
    [Anonymous Symbol]                       0x0800121c   Section        0  stm32h7xx_hal_gpio.o(.text.HAL_GPIO_ReadPin)
    [Anonymous Symbol]                       0x08001226   Section        0  stm32h7xx_hal_gpio.o(.text.HAL_GPIO_TogglePin)
    [Anonymous Symbol]                       0x08001234   Section        0  stm32h7xx_hal_gpio.o(.text.HAL_GPIO_WritePin)
    [Anonymous Symbol]                       0x08001240   Section        0  stm32h7xx_hal.o(.text.HAL_GetREVID)
    __arm_cp.14_0                            0x08001248   Number         4  stm32h7xx_hal.o(.text.HAL_GetREVID)
    [Anonymous Symbol]                       0x0800124c   Section        0  stm32h7xx_hal.o(.text.HAL_GetTick)
    [Anonymous Symbol]                       0x08001254   Section        0  stm32h7xx_hal.o(.text.HAL_IncTick)
    __arm_cp.5_1                             0x08001264   Number         4  stm32h7xx_hal.o(.text.HAL_IncTick)
    [Anonymous Symbol]                       0x08001268   Section        0  stm32h7xx_hal.o(.text.HAL_Init)
    __arm_cp.0_0                             0x080012b0   Number         4  stm32h7xx_hal.o(.text.HAL_Init)
    __arm_cp.0_3                             0x080012b4   Number         4  stm32h7xx_hal.o(.text.HAL_Init)
    [Anonymous Symbol]                       0x080012b8   Section        0  stm32h7xx_hal.o(.text.HAL_InitTick)
    __arm_cp.1_0                             0x080012f8   Number         4  stm32h7xx_hal.o(.text.HAL_InitTick)
    __arm_cp.1_1                             0x080012fc   Number         4  stm32h7xx_hal.o(.text.HAL_InitTick)
    [Anonymous Symbol]                       0x08001300   Section        0  stm32h7xx_hal_msp.o(.text.HAL_MspInit)
    __arm_cp.0_0                             0x0800131c   Number         4  stm32h7xx_hal_msp.o(.text.HAL_MspInit)
    [Anonymous Symbol]                       0x08001320   Section        0  stm32h7xx_hal_cortex.o(.text.HAL_NVIC_EnableIRQ)
    __arm_cp.3_0                             0x08001338   Number         4  stm32h7xx_hal_cortex.o(.text.HAL_NVIC_EnableIRQ)
    [Anonymous Symbol]                       0x0800133c   Section        0  stm32h7xx_hal_cortex.o(.text.HAL_NVIC_SetPriority)
    [Anonymous Symbol]                       0x08001374   Section        0  stm32h7xx_hal_cortex.o(.text.HAL_NVIC_SetPriorityGrouping)
    __arm_cp.0_0                             0x0800138c   Number         4  stm32h7xx_hal_cortex.o(.text.HAL_NVIC_SetPriorityGrouping)
    __arm_cp.0_1                             0x08001390   Number         4  stm32h7xx_hal_cortex.o(.text.HAL_NVIC_SetPriorityGrouping)
    [Anonymous Symbol]                       0x08001394   Section        0  stm32h7xx_hal_pwr_ex.o(.text.HAL_PWREx_ConfigSupply)
    __arm_cp.0_0                             0x080013d8   Number         4  stm32h7xx_hal_pwr_ex.o(.text.HAL_PWREx_ConfigSupply)
    [Anonymous Symbol]                       0x080013dc   Section        0  stm32h7xx_hal_rcc_ex.o(.text.HAL_RCCEx_GetD3PCLK1Freq)
    __arm_cp.8_0                             0x080013f8   Number         4  stm32h7xx_hal_rcc_ex.o(.text.HAL_RCCEx_GetD3PCLK1Freq)
    __arm_cp.8_1                             0x080013fc   Number         4  stm32h7xx_hal_rcc_ex.o(.text.HAL_RCCEx_GetD3PCLK1Freq)
    [Anonymous Symbol]                       0x08001400   Section        0  stm32h7xx_hal_rcc_ex.o(.text.HAL_RCCEx_GetPLL2ClockFreq)
    __arm_cp.6_0                             0x080014f0   Number         4  stm32h7xx_hal_rcc_ex.o(.text.HAL_RCCEx_GetPLL2ClockFreq)
    __arm_cp.6_4                             0x08001500   Number         4  stm32h7xx_hal_rcc_ex.o(.text.HAL_RCCEx_GetPLL2ClockFreq)
    [Anonymous Symbol]                       0x08001508   Section        0  stm32h7xx_hal_rcc_ex.o(.text.HAL_RCCEx_GetPLL3ClockFreq)
    __arm_cp.7_0                             0x080015f8   Number         4  stm32h7xx_hal_rcc_ex.o(.text.HAL_RCCEx_GetPLL3ClockFreq)
    __arm_cp.7_4                             0x08001608   Number         4  stm32h7xx_hal_rcc_ex.o(.text.HAL_RCCEx_GetPLL3ClockFreq)
    [Anonymous Symbol]                       0x08001610   Section        0  stm32h7xx_hal_rcc_ex.o(.text.HAL_RCCEx_PeriphCLKConfig)
    __arm_cp.0_18                            0x080018c0   Number         4  stm32h7xx_hal_rcc_ex.o(.text.HAL_RCCEx_PeriphCLKConfig)
    __arm_cp.0_1                             0x08001eb0   Number         4  stm32h7xx_hal_rcc_ex.o(.text.HAL_RCCEx_PeriphCLKConfig)
    [Anonymous Symbol]                       0x08001eb4   Section        0  stm32h7xx_hal_rcc.o(.text.HAL_RCC_ClockConfig)
    __arm_cp.2_0                             0x080020c4   Number         4  stm32h7xx_hal_rcc.o(.text.HAL_RCC_ClockConfig)
    __arm_cp.2_5                             0x080020c8   Number         4  stm32h7xx_hal_rcc.o(.text.HAL_RCC_ClockConfig)
    [Anonymous Symbol]                       0x080020cc   Section        0  stm32h7xx_hal_rcc.o(.text.HAL_RCC_GetHCLKFreq)
    __arm_cp.7_0                             0x080020fc   Number         4  stm32h7xx_hal_rcc.o(.text.HAL_RCC_GetHCLKFreq)
    __arm_cp.7_2                             0x08002100   Number         4  stm32h7xx_hal_rcc.o(.text.HAL_RCC_GetHCLKFreq)
    __arm_cp.7_3                             0x08002104   Number         4  stm32h7xx_hal_rcc.o(.text.HAL_RCC_GetHCLKFreq)
    [Anonymous Symbol]                       0x08002108   Section        0  stm32h7xx_hal_rcc.o(.text.HAL_RCC_GetPCLK1Freq)
    [Anonymous Symbol]                       0x08002124   Section        0  stm32h7xx_hal_rcc.o(.text.HAL_RCC_GetPCLK2Freq)
    __arm_cp.9_0                             0x08002140   Number         4  stm32h7xx_hal_rcc.o(.text.HAL_RCC_GetPCLK2Freq)
    __arm_cp.9_1                             0x08002144   Number         4  stm32h7xx_hal_rcc.o(.text.HAL_RCC_GetPCLK2Freq)
    [Anonymous Symbol]                       0x08002148   Section        0  stm32h7xx_hal_rcc.o(.text.HAL_RCC_GetSysClockFreq)
    __arm_cp.3_0                             0x0800221c   Number         4  stm32h7xx_hal_rcc.o(.text.HAL_RCC_GetSysClockFreq)
    __arm_cp.3_1                             0x08002220   Number         4  stm32h7xx_hal_rcc.o(.text.HAL_RCC_GetSysClockFreq)
    __arm_cp.3_2                             0x08002224   Number         4  stm32h7xx_hal_rcc.o(.text.HAL_RCC_GetSysClockFreq)
    __arm_cp.3_6                             0x08002234   Number         4  stm32h7xx_hal_rcc.o(.text.HAL_RCC_GetSysClockFreq)
    [Anonymous Symbol]                       0x0800223c   Section        0  stm32h7xx_hal_rcc.o(.text.HAL_RCC_OscConfig)
    __arm_cp.1_1                             0x08002598   Number         4  stm32h7xx_hal_rcc.o(.text.HAL_RCC_OscConfig)
    [Anonymous Symbol]                       0x080026e4   Section        0  stm32h7xx_hal_cortex.o(.text.HAL_SYSTICK_Config)
    __arm_cp.7_0                             0x08002704   Number         4  stm32h7xx_hal_cortex.o(.text.HAL_SYSTICK_Config)
    __arm_cp.7_1                             0x08002708   Number         4  stm32h7xx_hal_cortex.o(.text.HAL_SYSTICK_Config)
    [Anonymous Symbol]                       0x0800270c   Section        0  stm32h7xx_hal_uart_ex.o(.text.HAL_UARTEx_DisableFifoMode)
    [Anonymous Symbol]                       0x08002742   Section        0  stm32h7xx_hal_uart_ex.o(.text.HAL_UARTEx_RxFifoFullCallback)
    [Anonymous Symbol]                       0x08002744   Section        0  stm32h7xx_hal_uart_ex.o(.text.HAL_UARTEx_SetRxFifoThreshold)
    [Anonymous Symbol]                       0x0800278e   Section        0  stm32h7xx_hal_uart_ex.o(.text.HAL_UARTEx_SetTxFifoThreshold)
    [Anonymous Symbol]                       0x080027d8   Section        0  stm32h7xx_hal_uart_ex.o(.text.HAL_UARTEx_TxFifoEmptyCallback)
    [Anonymous Symbol]                       0x080027da   Section        0  stm32h7xx_hal_uart_ex.o(.text.HAL_UARTEx_WakeupCallback)
    [Anonymous Symbol]                       0x080027dc   Section        0  stm32h7xx_hal_uart.o(.text.HAL_UART_ErrorCallback)
    [Anonymous Symbol]                       0x080027e0   Section        0  stm32h7xx_hal_uart.o(.text.HAL_UART_IRQHandler)
    __arm_cp.48_0                            0x080029a4   Number         4  stm32h7xx_hal_uart.o(.text.HAL_UART_IRQHandler)
    __arm_cp.48_1                            0x080029a8   Number         4  stm32h7xx_hal_uart.o(.text.HAL_UART_IRQHandler)
    __arm_cp.48_2                            0x080029ac   Number         4  stm32h7xx_hal_uart.o(.text.HAL_UART_IRQHandler)
    [Anonymous Symbol]                       0x080029b0   Section        0  stm32h7xx_hal_uart.o(.text.HAL_UART_Init)
    [Anonymous Symbol]                       0x08002a14   Section        0  usart.o(.text.HAL_UART_MspInit)
    __arm_cp.5_0                             0x08002b0c   Number         4  usart.o(.text.HAL_UART_MspInit)
    __arm_cp.5_1                             0x08002b10   Number         4  usart.o(.text.HAL_UART_MspInit)
    __arm_cp.5_2                             0x08002b14   Number         4  usart.o(.text.HAL_UART_MspInit)
    __arm_cp.5_3                             0x08002b18   Number         4  usart.o(.text.HAL_UART_MspInit)
    __arm_cp.5_4                             0x08002b1c   Number         4  usart.o(.text.HAL_UART_MspInit)
    [Anonymous Symbol]                       0x08002b20   Section        0  stm32h7xx_hal_uart.o(.text.HAL_UART_Receive_IT)
    __arm_cp.18_0                            0x08002bf8   Number         4  stm32h7xx_hal_uart.o(.text.HAL_UART_Receive_IT)
    __arm_cp.18_1                            0x08002bfc   Number         4  stm32h7xx_hal_uart.o(.text.HAL_UART_Receive_IT)
    __arm_cp.18_2                            0x08002c00   Number         4  stm32h7xx_hal_uart.o(.text.HAL_UART_Receive_IT)
    __arm_cp.18_3                            0x08002c04   Number         4  stm32h7xx_hal_uart.o(.text.HAL_UART_Receive_IT)
    [Anonymous Symbol]                       0x08002c08   Section        0  main.o(.text.HAL_UART_RxCpltCallback)
    [Anonymous Symbol]                       0x08002c3c   Section        0  stm32h7xx_hal_uart.o(.text.HAL_UART_Transmit)
    [Anonymous Symbol]                       0x08002d0c   Section        0  stm32h7xx_hal_uart.o(.text.HAL_UART_Transmit_IT)
    __arm_cp.13_0                            0x08002d98   Number         4  stm32h7xx_hal_uart.o(.text.HAL_UART_Transmit_IT)
    __arm_cp.13_1                            0x08002d9c   Number         4  stm32h7xx_hal_uart.o(.text.HAL_UART_Transmit_IT)
    __arm_cp.13_2                            0x08002da0   Number         4  stm32h7xx_hal_uart.o(.text.HAL_UART_Transmit_IT)
    __arm_cp.13_3                            0x08002da4   Number         4  stm32h7xx_hal_uart.o(.text.HAL_UART_Transmit_IT)
    [Anonymous Symbol]                       0x08002da8   Section        0  stm32h7xx_hal_uart.o(.text.HAL_UART_TxCpltCallback)
    [Anonymous Symbol]                       0x08002daa   Section        0  stm32h7xx_it.o(.text.HardFault_Handler)
    [Anonymous Symbol]                       0x08002dac   Section        0  gpio.o(.text.MX_GPIO_Init)
    __arm_cp.0_0                             0x08002e74   Number         4  gpio.o(.text.MX_GPIO_Init)
    __arm_cp.0_2                             0x08002e78   Number         4  gpio.o(.text.MX_GPIO_Init)
    [Anonymous Symbol]                       0x08002e7c   Section        0  usart.o(.text.MX_USART1_UART_Init)
    __arm_cp.2_0                             0x08002edc   Number         4  usart.o(.text.MX_USART1_UART_Init)
    __arm_cp.2_1                             0x08002ee0   Number         4  usart.o(.text.MX_USART1_UART_Init)
    [Anonymous Symbol]                       0x08002ee4   Section        0  usart.o(.text.MX_USART2_UART_Init)
    __arm_cp.3_0                             0x08002f44   Number         4  usart.o(.text.MX_USART2_UART_Init)
    __arm_cp.3_1                             0x08002f48   Number         4  usart.o(.text.MX_USART2_UART_Init)
    [Anonymous Symbol]                       0x08002f4c   Section        0  usart.o(.text.MX_USART3_UART_Init)
    __arm_cp.4_1                             0x08002fac   Number         4  usart.o(.text.MX_USART3_UART_Init)
    [Anonymous Symbol]                       0x08002fb0   Section        0  stm32h7xx_it.o(.text.MemManage_Handler)
    [Anonymous Symbol]                       0x08002fb4   Section        0  main.o(.text.Modify_Param)
    __arm_cp.6_0                             0x08002fe0   Number         4  main.o(.text.Modify_Param)
    __arm_cp.6_2                             0x08002fe8   Number         4  main.o(.text.Modify_Param)
    [Anonymous Symbol]                       0x08002ff4   Section        0  usart.o(.text.Motor_Rotate)
    __arm_cp.7_0                             0x0800312c   Number         4  usart.o(.text.Motor_Rotate)
    __arm_cp.7_1                             0x08003130   Number         4  usart.o(.text.Motor_Rotate)
    __arm_cp.7_3                             0x08003138   Number         4  usart.o(.text.Motor_Rotate)
    [Anonymous Symbol]                       0x0800313c   Section        0  stm32h7xx_it.o(.text.NMI_Handler)
    [Anonymous Symbol]                       0x0800313e   Section        0  stm32h7xx_it.o(.text.PendSV_Handler)
    RCCEx_PLL2_Config                        0x08003141   Thumb Code   248  stm32h7xx_hal_rcc_ex.o(.text.RCCEx_PLL2_Config)
    [Anonymous Symbol]                       0x08003140   Section        0  stm32h7xx_hal_rcc_ex.o(.text.RCCEx_PLL2_Config)
    RCCEx_PLL3_Config                        0x08003239   Thumb Code   252  stm32h7xx_hal_rcc_ex.o(.text.RCCEx_PLL3_Config)
    [Anonymous Symbol]                       0x08003238   Section        0  stm32h7xx_hal_rcc_ex.o(.text.RCCEx_PLL3_Config)
    __arm_cp.2_0                             0x08003330   Number         4  stm32h7xx_hal_rcc_ex.o(.text.RCCEx_PLL3_Config)
    [Anonymous Symbol]                       0x08003334   Section        0  stm32h7xx_it.o(.text.SVC_Handler)
    [Anonymous Symbol]                       0x08003338   Section        0  main.o(.text.SetVelocity)
    __arm_cp.7_0                             0x080033d0   Number         4  main.o(.text.SetVelocity)
    __arm_cp.7_2                             0x080033d8   Number         4  main.o(.text.SetVelocity)
    [Anonymous Symbol]                       0x080033e0   Section        0  main.o(.text.StartMotor)
    [Anonymous Symbol]                       0x0800341c   Section        0  stm32h7xx_it.o(.text.SysTick_Handler)
    [Anonymous Symbol]                       0x08003420   Section        0  main.o(.text.SystemClock_Config)
    __arm_cp.1_0                             0x080034d8   Number         4  main.o(.text.SystemClock_Config)
    __arm_cp.1_1                             0x080034dc   Number         4  main.o(.text.SystemClock_Config)
    [Anonymous Symbol]                       0x080034e0   Section        0  system_stm32h7xx.o(.text.SystemInit)
    __arm_cp.0_0                             0x08003574   Number         4  system_stm32h7xx.o(.text.SystemInit)
    __arm_cp.0_1                             0x08003578   Number         4  system_stm32h7xx.o(.text.SystemInit)
    __arm_cp.0_2                             0x0800357c   Number         4  system_stm32h7xx.o(.text.SystemInit)
    __arm_cp.0_3                             0x08003580   Number         4  system_stm32h7xx.o(.text.SystemInit)
    __arm_cp.0_4                             0x08003584   Number         4  system_stm32h7xx.o(.text.SystemInit)
    __arm_cp.0_5                             0x08003588   Number         4  system_stm32h7xx.o(.text.SystemInit)
    __arm_cp.0_6                             0x0800358c   Number         4  system_stm32h7xx.o(.text.SystemInit)
    __arm_cp.0_7                             0x08003590   Number         4  system_stm32h7xx.o(.text.SystemInit)
    __arm_cp.0_8                             0x08003594   Number         4  system_stm32h7xx.o(.text.SystemInit)
    __arm_cp.0_9                             0x08003598   Number         4  system_stm32h7xx.o(.text.SystemInit)
    [Anonymous Symbol]                       0x0800359c   Section        0  main.o(.text.TurnBack)
    __arm_cp.3_0                             0x080035d8   Number         4  main.o(.text.TurnBack)
    [Anonymous Symbol]                       0x080035dc   Section        0  usart.o(.text.UART2_Send)
    __arm_cp.0_0                             0x08003608   Number         4  usart.o(.text.UART2_Send)
    UARTEx_SetNbDataToProcess                0x0800360d   Thumb Code    68  stm32h7xx_hal_uart_ex.o(.text.UARTEx_SetNbDataToProcess)
    [Anonymous Symbol]                       0x0800360c   Section        0  stm32h7xx_hal_uart_ex.o(.text.UARTEx_SetNbDataToProcess)
    __arm_cp.9_0                             0x08003648   Number         4  stm32h7xx_hal_uart_ex.o(.text.UARTEx_SetNbDataToProcess)
    __arm_cp.9_1                             0x0800364c   Number         4  stm32h7xx_hal_uart_ex.o(.text.UARTEx_SetNbDataToProcess)
    [Anonymous Symbol]                       0x08003650   Section        0  stm32h7xx_hal_uart.o(.text.UART_AdvFeatureConfig)
    [Anonymous Symbol]                       0x080036fa   Section        0  stm32h7xx_hal_uart.o(.text.UART_CheckIdleState)
    UART_DMAAbortOnError                     0x0800375d   Thumb Code    16  stm32h7xx_hal_uart.o(.text.UART_DMAAbortOnError)
    [Anonymous Symbol]                       0x0800375c   Section        0  stm32h7xx_hal_uart.o(.text.UART_DMAAbortOnError)
    UART_EndRxTransfer                       0x0800376d   Thumb Code    32  stm32h7xx_hal_uart.o(.text.UART_EndRxTransfer)
    [Anonymous Symbol]                       0x0800376c   Section        0  stm32h7xx_hal_uart.o(.text.UART_EndRxTransfer)
    UART_RxISR_16BIT                         0x0800378d   Thumb Code    84  stm32h7xx_hal_uart.o(.text.UART_RxISR_16BIT)
    [Anonymous Symbol]                       0x0800378c   Section        0  stm32h7xx_hal_uart.o(.text.UART_RxISR_16BIT)
    UART_RxISR_16BIT_FIFOEN                  0x080037e1   Thumb Code   160  stm32h7xx_hal_uart.o(.text.UART_RxISR_16BIT_FIFOEN)
    [Anonymous Symbol]                       0x080037e0   Section        0  stm32h7xx_hal_uart.o(.text.UART_RxISR_16BIT_FIFOEN)
    __arm_cp.19_1                            0x0800387c   Number         4  stm32h7xx_hal_uart.o(.text.UART_RxISR_16BIT_FIFOEN)
    UART_RxISR_8BIT                          0x08003881   Thumb Code    88  stm32h7xx_hal_uart.o(.text.UART_RxISR_8BIT)
    [Anonymous Symbol]                       0x08003880   Section        0  stm32h7xx_hal_uart.o(.text.UART_RxISR_8BIT)
    UART_RxISR_8BIT_FIFOEN                   0x080038d9   Thumb Code   168  stm32h7xx_hal_uart.o(.text.UART_RxISR_8BIT_FIFOEN)
    [Anonymous Symbol]                       0x080038d8   Section        0  stm32h7xx_hal_uart.o(.text.UART_RxISR_8BIT_FIFOEN)
    __arm_cp.20_0                            0x08003978   Number         4  stm32h7xx_hal_uart.o(.text.UART_RxISR_8BIT_FIFOEN)
    __arm_cp.20_1                            0x0800397c   Number         4  stm32h7xx_hal_uart.o(.text.UART_RxISR_8BIT_FIFOEN)
    [Anonymous Symbol]                       0x08003980   Section        0  stm32h7xx_hal_uart.o(.text.UART_SetConfig)
    __arm_cp.2_27                            0x08003c04   Number         4  stm32h7xx_hal_uart.o(.text.UART_SetConfig)
    __arm_cp.2_28                            0x08003c08   Number         4  stm32h7xx_hal_uart.o(.text.UART_SetConfig)
    __arm_cp.2_29                            0x08003c0c   Number         4  stm32h7xx_hal_uart.o(.text.UART_SetConfig)
    __arm_cp.2_30                            0x08003c10   Number         4  stm32h7xx_hal_uart.o(.text.UART_SetConfig)
    __arm_cp.2_31                            0x08003c14   Number         4  stm32h7xx_hal_uart.o(.text.UART_SetConfig)
    __arm_cp.2_32                            0x08003c18   Number         4  stm32h7xx_hal_uart.o(.text.UART_SetConfig)
    __arm_cp.2_33                            0x08003c1c   Number         4  stm32h7xx_hal_uart.o(.text.UART_SetConfig)
    __arm_cp.2_34                            0x08003c20   Number         4  stm32h7xx_hal_uart.o(.text.UART_SetConfig)
    __arm_cp.2_35                            0x08003c24   Number         4  stm32h7xx_hal_uart.o(.text.UART_SetConfig)
    __arm_cp.2_36                            0x08003c28   Number         4  stm32h7xx_hal_uart.o(.text.UART_SetConfig)
    __arm_cp.2_37                            0x08003c2c   Number         4  stm32h7xx_hal_uart.o(.text.UART_SetConfig)
    __arm_cp.2_38                            0x08003c30   Number         4  stm32h7xx_hal_uart.o(.text.UART_SetConfig)
    __arm_cp.2_12                            0x08003cf0   Number         4  stm32h7xx_hal_uart.o(.text.UART_SetConfig)
    __arm_cp.2_13                            0x08003cf4   Number         4  stm32h7xx_hal_uart.o(.text.UART_SetConfig)
    __arm_cp.2_14                            0x08003cf8   Number         4  stm32h7xx_hal_uart.o(.text.UART_SetConfig)
    __arm_cp.2_15                            0x08003cfc   Number         4  stm32h7xx_hal_uart.o(.text.UART_SetConfig)
    UART_TxISR_16BIT                         0x08003d01   Thumb Code    62  stm32h7xx_hal_uart.o(.text.UART_TxISR_16BIT)
    [Anonymous Symbol]                       0x08003d00   Section        0  stm32h7xx_hal_uart.o(.text.UART_TxISR_16BIT)
    UART_TxISR_16BIT_FIFOEN                  0x08003d3f   Thumb Code    78  stm32h7xx_hal_uart.o(.text.UART_TxISR_16BIT_FIFOEN)
    [Anonymous Symbol]                       0x08003d3e   Section        0  stm32h7xx_hal_uart.o(.text.UART_TxISR_16BIT_FIFOEN)
    UART_TxISR_8BIT                          0x08003d8d   Thumb Code    58  stm32h7xx_hal_uart.o(.text.UART_TxISR_8BIT)
    [Anonymous Symbol]                       0x08003d8c   Section        0  stm32h7xx_hal_uart.o(.text.UART_TxISR_8BIT)
    UART_TxISR_8BIT_FIFOEN                   0x08003dc7   Thumb Code    74  stm32h7xx_hal_uart.o(.text.UART_TxISR_8BIT_FIFOEN)
    [Anonymous Symbol]                       0x08003dc6   Section        0  stm32h7xx_hal_uart.o(.text.UART_TxISR_8BIT_FIFOEN)
    [Anonymous Symbol]                       0x08003e10   Section        0  stm32h7xx_hal_uart.o(.text.UART_WaitOnFlagUntilTimeout)
    [Anonymous Symbol]                       0x08003eb0   Section        0  stm32h7xx_it.o(.text.USART3_IRQHandler)
    [Anonymous Symbol]                       0x08003eb8   Section        0  stm32h7xx_it.o(.text.UsageFault_Handler)
    __NVIC_SetPriority                       0x08003ebd   Thumb Code    36  stm32h7xx_hal_cortex.o(.text.__NVIC_SetPriority)
    [Anonymous Symbol]                       0x08003ebc   Section        0  stm32h7xx_hal_cortex.o(.text.__NVIC_SetPriority)
    __arm_cp.2_0                             0x08003ed8   Number         4  stm32h7xx_hal_cortex.o(.text.__NVIC_SetPriority)
    __arm_cp.2_1                             0x08003edc   Number         4  stm32h7xx_hal_cortex.o(.text.__NVIC_SetPriority)
    [Anonymous Symbol]                       0x08003ee0   Section        0  usart.o(.text.fputc)
    __arm_cp.1_0                             0x08003f08   Number         4  usart.o(.text.fputc)
    [Anonymous Symbol]                       0x08003f0c   Section        0  main.o(.text.main)
    __arm_cp.0_0                             0x080041f0   Number         4  main.o(.text.main)
    __arm_cp.0_1                             0x080041f4   Number         4  main.o(.text.main)
    __arm_cp.0_2                             0x080041f8   Number         4  main.o(.text.main)
    __arm_cp.0_3                             0x080041fc   Number         4  main.o(.text.main)
    __arm_cp.0_4                             0x08004200   Number         4  main.o(.text.main)
    __arm_cp.0_5                             0x08004204   Number         4  main.o(.text.main)
    __arm_cp.0_7                             0x08004210   Number         4  main.o(.text.main)
    [Anonymous Symbol]                       0x08004214   Section        0  usart.o(.text.myitoa)
    i.__0printf$2                            0x08004270   Section        0  printf2.o(i.__0printf$2)
    i.__scatterload_copy                     0x08004290   Section       14  handlers.o(i.__scatterload_copy)
    i.__scatterload_null                     0x0800429e   Section        2  handlers.o(i.__scatterload_null)
    i.__scatterload_zeroinit                 0x080042a0   Section       14  handlers.o(i.__scatterload_zeroinit)
    i._is_digit                              0x080042ae   Section        0  scanf_fp.o(i._is_digit)
    _printf_core                             0x080042bd   Thumb Code   214  printf2.o(i._printf_core)
    i._printf_core                           0x080042bc   Section        0  printf2.o(i._printf_core)
    .constdata                               0x08004392   Section       64  ctype_c.o(.constdata)
    .L__const.UARTEx_SetNbDataToProcess.numerator 0x080043fa   Data           8  stm32h7xx_hal_uart_ex.o(.rodata.cst8)
    .L__const.UARTEx_SetNbDataToProcess.denominator 0x08004402   Data           8  stm32h7xx_hal_uart_ex.o(.rodata.cst8)
    .L.str                                   0x0800440a   Data           5  main.o(.rodata.str1.1)
    [Anonymous Symbol]                       0x0800440a   Section        0  main.o(.rodata.str1.1)
    .data                                    0x24000000   Section        4  stdout.o(.data)
    [Anonymous Symbol]                       0x24000004   Section        0  stm32h7xx_hal.o(.data..L_MergedGlobals)
    [Anonymous Symbol]                       0x2400000c   Section        0  system_stm32h7xx.o(.data..L_MergedGlobals)
    [Anonymous Symbol]                       0x24000020   Section        0  main.o(.bss..L_MergedGlobals)
    STACK                                    0x24000240   Section     1024  startup_stm32h743xx.o(STACK)

    Global Symbols

    Symbol Name                              Value     Ov Type        Size  Object(Section)

    BuildAttributes$$THM_ISAv4$E$P$D$K$B$S$7EM$VFPv5_D16$PE$PLD8$A:L22UL41UL21$X:L11$S22US41US21$IEEE1$IW$~IW$USESV6$~STKCKD$USESV7$~SHL$OTIME$ROPI$EBA8$MICROLIB$REQ8$PRES8$EABIv2 0x00000000   Number         0  anon$$obj.o ABSOLUTE
    _printf_a                                0x00000000   Number         0  printfstubs.o ABSOLUTE
    _printf_c                                0x00000000   Number         0  printfstubs.o ABSOLUTE
    _printf_charcount                        0x00000000   Number         0  printfstubs.o ABSOLUTE
    _printf_d                                0x00000000   Number         0  printfstubs.o ABSOLUTE
    _printf_e                                0x00000000   Number         0  printfstubs.o ABSOLUTE
    _printf_f                                0x00000000   Number         0  printfstubs.o ABSOLUTE
    _printf_flags                            0x00000000   Number         0  printfstubs.o ABSOLUTE
    _printf_fp_dec                           0x00000000   Number         0  printfstubs.o ABSOLUTE
    _printf_fp_hex                           0x00000000   Number         0  printfstubs.o ABSOLUTE
    _printf_g                                0x00000000   Number         0  printfstubs.o ABSOLUTE
    _printf_i                                0x00000000   Number         0  printfstubs.o ABSOLUTE
    _printf_int_dec                          0x00000000   Number         0  printfstubs.o ABSOLUTE
    _printf_l                                0x00000000   Number         0  printfstubs.o ABSOLUTE
    _printf_lc                               0x00000000   Number         0  printfstubs.o ABSOLUTE
    _printf_ll                               0x00000000   Number         0  printfstubs.o ABSOLUTE
    _printf_lld                              0x00000000   Number         0  printfstubs.o ABSOLUTE
    _printf_lli                              0x00000000   Number         0  printfstubs.o ABSOLUTE
    _printf_llo                              0x00000000   Number         0  printfstubs.o ABSOLUTE
    _printf_llu                              0x00000000   Number         0  printfstubs.o ABSOLUTE
    _printf_llx                              0x00000000   Number         0  printfstubs.o ABSOLUTE
    _printf_longlong_dec                     0x00000000   Number         0  printfstubs.o ABSOLUTE
    _printf_longlong_hex                     0x00000000   Number         0  printfstubs.o ABSOLUTE
    _printf_longlong_oct                     0x00000000   Number         0  printfstubs.o ABSOLUTE
    _printf_ls                               0x00000000   Number         0  printfstubs.o ABSOLUTE
    _printf_mbtowc                           0x00000000   Number         0  printfstubs.o ABSOLUTE
    _printf_n                                0x00000000   Number         0  printfstubs.o ABSOLUTE
    _printf_o                                0x00000000   Number         0  printfstubs.o ABSOLUTE
    _printf_p                                0x00000000   Number         0  printfstubs.o ABSOLUTE
    _printf_percent                          0x00000000   Number         0  printfstubs.o ABSOLUTE
    _printf_pre_padding                      0x00000000   Number         0  printfstubs.o ABSOLUTE
    _printf_return_value                     0x00000000   Number         0  printfstubs.o ABSOLUTE
    _printf_s                                0x00000000   Number         0  printfstubs.o ABSOLUTE
    _printf_sizespec                         0x00000000   Number         0  printfstubs.o ABSOLUTE
    _printf_str                              0x00000000   Number         0  printfstubs.o ABSOLUTE
    _printf_truncate_signed                  0x00000000   Number         0  printfstubs.o ABSOLUTE
    _printf_truncate_unsigned                0x00000000   Number         0  printfstubs.o ABSOLUTE
    _printf_u                                0x00000000   Number         0  printfstubs.o ABSOLUTE
    _printf_wc                               0x00000000   Number         0  printfstubs.o ABSOLUTE
    _printf_wctomb                           0x00000000   Number         0  printfstubs.o ABSOLUTE
    _printf_widthprec                        0x00000000   Number         0  printfstubs.o ABSOLUTE
    _printf_x                                0x00000000   Number         0  printfstubs.o ABSOLUTE
    __cpp_initialize__aeabi_                  - Undefined Weak Reference
    __cxa_finalize                            - Undefined Weak Reference
    __decompress                              - Undefined Weak Reference
    _clock_init                               - Undefined Weak Reference
    _microlib_exit                            - Undefined Weak Reference
    _scanf_int                                - Undefined Weak Reference
    _scanf_longlong                           - Undefined Weak Reference
    _scanf_string                             - Undefined Weak Reference
    __Vectors_Size                           0x00000298   Number         0  startup_stm32h743xx.o ABSOLUTE
    __Vectors                                0x08000000   Data           4  startup_stm32h743xx.o(RESET)
    __Vectors_End                            0x08000298   Data           0  startup_stm32h743xx.o(RESET)
    __main                                   0x08000299   Thumb Code     0  entry.o(.ARM.Collect$$$$00000000)
    _main_stk                                0x08000299   Thumb Code     0  entry2.o(.ARM.Collect$$$$00000001)
    _main_scatterload                        0x0800029d   Thumb Code     0  entry5.o(.ARM.Collect$$$$00000004)
    __main_after_scatterload                 0x080002a1   Thumb Code     0  entry5.o(.ARM.Collect$$$$00000004)
    _main_clock                              0x080002a1   Thumb Code     0  entry7b.o(.ARM.Collect$$$$00000008)
    _main_cpp_init                           0x080002a1   Thumb Code     0  entry8b.o(.ARM.Collect$$$$0000000A)
    _main_init                               0x080002a1   Thumb Code     0  entry9a.o(.ARM.Collect$$$$0000000B)
    __rt_final_cpp                           0x080002a9   Thumb Code     0  entry10a.o(.ARM.Collect$$$$0000000D)
    __rt_final_exit                          0x080002a9   Thumb Code     0  entry11a.o(.ARM.Collect$$$$0000000F)
    Reset_Handler                            0x080002ad   Thumb Code     8  startup_stm32h743xx.o(.text)
    ADC3_IRQHandler                          0x080002c7   Thumb Code     0  startup_stm32h743xx.o(.text)
    ADC_IRQHandler                           0x080002c7   Thumb Code     0  startup_stm32h743xx.o(.text)
    BDMA_Channel0_IRQHandler                 0x080002c7   Thumb Code     0  startup_stm32h743xx.o(.text)
    BDMA_Channel1_IRQHandler                 0x080002c7   Thumb Code     0  startup_stm32h743xx.o(.text)
    BDMA_Channel2_IRQHandler                 0x080002c7   Thumb Code     0  startup_stm32h743xx.o(.text)
    BDMA_Channel3_IRQHandler                 0x080002c7   Thumb Code     0  startup_stm32h743xx.o(.text)
    BDMA_Channel4_IRQHandler                 0x080002c7   Thumb Code     0  startup_stm32h743xx.o(.text)
    BDMA_Channel5_IRQHandler                 0x080002c7   Thumb Code     0  startup_stm32h743xx.o(.text)
    BDMA_Channel6_IRQHandler                 0x080002c7   Thumb Code     0  startup_stm32h743xx.o(.text)
    BDMA_Channel7_IRQHandler                 0x080002c7   Thumb Code     0  startup_stm32h743xx.o(.text)
    CEC_IRQHandler                           0x080002c7   Thumb Code     0  startup_stm32h743xx.o(.text)
    COMP1_IRQHandler                         0x080002c7   Thumb Code     0  startup_stm32h743xx.o(.text)
    CRS_IRQHandler                           0x080002c7   Thumb Code     0  startup_stm32h743xx.o(.text)
    DCMI_IRQHandler                          0x080002c7   Thumb Code     0  startup_stm32h743xx.o(.text)
    DFSDM1_FLT0_IRQHandler                   0x080002c7   Thumb Code     0  startup_stm32h743xx.o(.text)
    DFSDM1_FLT1_IRQHandler                   0x080002c7   Thumb Code     0  startup_stm32h743xx.o(.text)
    DFSDM1_FLT2_IRQHandler                   0x080002c7   Thumb Code     0  startup_stm32h743xx.o(.text)
    DFSDM1_FLT3_IRQHandler                   0x080002c7   Thumb Code     0  startup_stm32h743xx.o(.text)
    DMA1_Stream0_IRQHandler                  0x080002c7   Thumb Code     0  startup_stm32h743xx.o(.text)
    DMA1_Stream1_IRQHandler                  0x080002c7   Thumb Code     0  startup_stm32h743xx.o(.text)
    DMA1_Stream2_IRQHandler                  0x080002c7   Thumb Code     0  startup_stm32h743xx.o(.text)
    DMA1_Stream3_IRQHandler                  0x080002c7   Thumb Code     0  startup_stm32h743xx.o(.text)
    DMA1_Stream4_IRQHandler                  0x080002c7   Thumb Code     0  startup_stm32h743xx.o(.text)
    DMA1_Stream5_IRQHandler                  0x080002c7   Thumb Code     0  startup_stm32h743xx.o(.text)
    DMA1_Stream6_IRQHandler                  0x080002c7   Thumb Code     0  startup_stm32h743xx.o(.text)
    DMA1_Stream7_IRQHandler                  0x080002c7   Thumb Code     0  startup_stm32h743xx.o(.text)
    DMA2D_IRQHandler                         0x080002c7   Thumb Code     0  startup_stm32h743xx.o(.text)
    DMA2_Stream0_IRQHandler                  0x080002c7   Thumb Code     0  startup_stm32h743xx.o(.text)
    DMA2_Stream1_IRQHandler                  0x080002c7   Thumb Code     0  startup_stm32h743xx.o(.text)
    DMA2_Stream2_IRQHandler                  0x080002c7   Thumb Code     0  startup_stm32h743xx.o(.text)
    DMA2_Stream3_IRQHandler                  0x080002c7   Thumb Code     0  startup_stm32h743xx.o(.text)
    DMA2_Stream4_IRQHandler                  0x080002c7   Thumb Code     0  startup_stm32h743xx.o(.text)
    DMA2_Stream5_IRQHandler                  0x080002c7   Thumb Code     0  startup_stm32h743xx.o(.text)
    DMA2_Stream6_IRQHandler                  0x080002c7   Thumb Code     0  startup_stm32h743xx.o(.text)
    DMA2_Stream7_IRQHandler                  0x080002c7   Thumb Code     0  startup_stm32h743xx.o(.text)
    DMAMUX1_OVR_IRQHandler                   0x080002c7   Thumb Code     0  startup_stm32h743xx.o(.text)
    DMAMUX2_OVR_IRQHandler                   0x080002c7   Thumb Code     0  startup_stm32h743xx.o(.text)
    ECC_IRQHandler                           0x080002c7   Thumb Code     0  startup_stm32h743xx.o(.text)
    ETH_IRQHandler                           0x080002c7   Thumb Code     0  startup_stm32h743xx.o(.text)
    ETH_WKUP_IRQHandler                      0x080002c7   Thumb Code     0  startup_stm32h743xx.o(.text)
    EXTI0_IRQHandler                         0x080002c7   Thumb Code     0  startup_stm32h743xx.o(.text)
    EXTI15_10_IRQHandler                     0x080002c7   Thumb Code     0  startup_stm32h743xx.o(.text)
    EXTI1_IRQHandler                         0x080002c7   Thumb Code     0  startup_stm32h743xx.o(.text)
    EXTI2_IRQHandler                         0x080002c7   Thumb Code     0  startup_stm32h743xx.o(.text)
    EXTI3_IRQHandler                         0x080002c7   Thumb Code     0  startup_stm32h743xx.o(.text)
    EXTI4_IRQHandler                         0x080002c7   Thumb Code     0  startup_stm32h743xx.o(.text)
    EXTI9_5_IRQHandler                       0x080002c7   Thumb Code     0  startup_stm32h743xx.o(.text)
    FDCAN1_IT0_IRQHandler                    0x080002c7   Thumb Code     0  startup_stm32h743xx.o(.text)
    FDCAN1_IT1_IRQHandler                    0x080002c7   Thumb Code     0  startup_stm32h743xx.o(.text)
    FDCAN2_IT0_IRQHandler                    0x080002c7   Thumb Code     0  startup_stm32h743xx.o(.text)
    FDCAN2_IT1_IRQHandler                    0x080002c7   Thumb Code     0  startup_stm32h743xx.o(.text)
    FDCAN_CAL_IRQHandler                     0x080002c7   Thumb Code     0  startup_stm32h743xx.o(.text)
    FLASH_IRQHandler                         0x080002c7   Thumb Code     0  startup_stm32h743xx.o(.text)
    FMC_IRQHandler                           0x080002c7   Thumb Code     0  startup_stm32h743xx.o(.text)
    FPU_IRQHandler                           0x080002c7   Thumb Code     0  startup_stm32h743xx.o(.text)
    HRTIM1_FLT_IRQHandler                    0x080002c7   Thumb Code     0  startup_stm32h743xx.o(.text)
    HRTIM1_Master_IRQHandler                 0x080002c7   Thumb Code     0  startup_stm32h743xx.o(.text)
    HRTIM1_TIMA_IRQHandler                   0x080002c7   Thumb Code     0  startup_stm32h743xx.o(.text)
    HRTIM1_TIMB_IRQHandler                   0x080002c7   Thumb Code     0  startup_stm32h743xx.o(.text)
    HRTIM1_TIMC_IRQHandler                   0x080002c7   Thumb Code     0  startup_stm32h743xx.o(.text)
    HRTIM1_TIMD_IRQHandler                   0x080002c7   Thumb Code     0  startup_stm32h743xx.o(.text)
    HRTIM1_TIME_IRQHandler                   0x080002c7   Thumb Code     0  startup_stm32h743xx.o(.text)
    HSEM1_IRQHandler                         0x080002c7   Thumb Code     0  startup_stm32h743xx.o(.text)
    I2C1_ER_IRQHandler                       0x080002c7   Thumb Code     0  startup_stm32h743xx.o(.text)
    I2C1_EV_IRQHandler                       0x080002c7   Thumb Code     0  startup_stm32h743xx.o(.text)
    I2C2_ER_IRQHandler                       0x080002c7   Thumb Code     0  startup_stm32h743xx.o(.text)
    I2C2_EV_IRQHandler                       0x080002c7   Thumb Code     0  startup_stm32h743xx.o(.text)
    I2C3_ER_IRQHandler                       0x080002c7   Thumb Code     0  startup_stm32h743xx.o(.text)
    I2C3_EV_IRQHandler                       0x080002c7   Thumb Code     0  startup_stm32h743xx.o(.text)
    I2C4_ER_IRQHandler                       0x080002c7   Thumb Code     0  startup_stm32h743xx.o(.text)
    I2C4_EV_IRQHandler                       0x080002c7   Thumb Code     0  startup_stm32h743xx.o(.text)
    JPEG_IRQHandler                          0x080002c7   Thumb Code     0  startup_stm32h743xx.o(.text)
    LPTIM1_IRQHandler                        0x080002c7   Thumb Code     0  startup_stm32h743xx.o(.text)
    LPTIM2_IRQHandler                        0x080002c7   Thumb Code     0  startup_stm32h743xx.o(.text)
    LPTIM3_IRQHandler                        0x080002c7   Thumb Code     0  startup_stm32h743xx.o(.text)
    LPTIM4_IRQHandler                        0x080002c7   Thumb Code     0  startup_stm32h743xx.o(.text)
    LPTIM5_IRQHandler                        0x080002c7   Thumb Code     0  startup_stm32h743xx.o(.text)
    LPUART1_IRQHandler                       0x080002c7   Thumb Code     0  startup_stm32h743xx.o(.text)
    LTDC_ER_IRQHandler                       0x080002c7   Thumb Code     0  startup_stm32h743xx.o(.text)
    LTDC_IRQHandler                          0x080002c7   Thumb Code     0  startup_stm32h743xx.o(.text)
    MDIOS_IRQHandler                         0x080002c7   Thumb Code     0  startup_stm32h743xx.o(.text)
    MDIOS_WKUP_IRQHandler                    0x080002c7   Thumb Code     0  startup_stm32h743xx.o(.text)
    MDMA_IRQHandler                          0x080002c7   Thumb Code     0  startup_stm32h743xx.o(.text)
    OTG_FS_EP1_IN_IRQHandler                 0x080002c7   Thumb Code     0  startup_stm32h743xx.o(.text)
    OTG_FS_EP1_OUT_IRQHandler                0x080002c7   Thumb Code     0  startup_stm32h743xx.o(.text)
    OTG_FS_IRQHandler                        0x080002c7   Thumb Code     0  startup_stm32h743xx.o(.text)
    OTG_FS_WKUP_IRQHandler                   0x080002c7   Thumb Code     0  startup_stm32h743xx.o(.text)
    OTG_HS_EP1_IN_IRQHandler                 0x080002c7   Thumb Code     0  startup_stm32h743xx.o(.text)
    OTG_HS_EP1_OUT_IRQHandler                0x080002c7   Thumb Code     0  startup_stm32h743xx.o(.text)
    OTG_HS_IRQHandler                        0x080002c7   Thumb Code     0  startup_stm32h743xx.o(.text)
    OTG_HS_WKUP_IRQHandler                   0x080002c7   Thumb Code     0  startup_stm32h743xx.o(.text)
    PVD_AVD_IRQHandler                       0x080002c7   Thumb Code     0  startup_stm32h743xx.o(.text)
    QUADSPI_IRQHandler                       0x080002c7   Thumb Code     0  startup_stm32h743xx.o(.text)
    RCC_IRQHandler                           0x080002c7   Thumb Code     0  startup_stm32h743xx.o(.text)
    RNG_IRQHandler                           0x080002c7   Thumb Code     0  startup_stm32h743xx.o(.text)
    RTC_Alarm_IRQHandler                     0x080002c7   Thumb Code     0  startup_stm32h743xx.o(.text)
    RTC_WKUP_IRQHandler                      0x080002c7   Thumb Code     0  startup_stm32h743xx.o(.text)
    SAI1_IRQHandler                          0x080002c7   Thumb Code     0  startup_stm32h743xx.o(.text)
    SAI2_IRQHandler                          0x080002c7   Thumb Code     0  startup_stm32h743xx.o(.text)
    SAI3_IRQHandler                          0x080002c7   Thumb Code     0  startup_stm32h743xx.o(.text)
    SAI4_IRQHandler                          0x080002c7   Thumb Code     0  startup_stm32h743xx.o(.text)
    SDMMC1_IRQHandler                        0x080002c7   Thumb Code     0  startup_stm32h743xx.o(.text)
    SDMMC2_IRQHandler                        0x080002c7   Thumb Code     0  startup_stm32h743xx.o(.text)
    SPDIF_RX_IRQHandler                      0x080002c7   Thumb Code     0  startup_stm32h743xx.o(.text)
    SPI1_IRQHandler                          0x080002c7   Thumb Code     0  startup_stm32h743xx.o(.text)
    SPI2_IRQHandler                          0x080002c7   Thumb Code     0  startup_stm32h743xx.o(.text)
    SPI3_IRQHandler                          0x080002c7   Thumb Code     0  startup_stm32h743xx.o(.text)
    SPI4_IRQHandler                          0x080002c7   Thumb Code     0  startup_stm32h743xx.o(.text)
    SPI5_IRQHandler                          0x080002c7   Thumb Code     0  startup_stm32h743xx.o(.text)
    SPI6_IRQHandler                          0x080002c7   Thumb Code     0  startup_stm32h743xx.o(.text)
    SWPMI1_IRQHandler                        0x080002c7   Thumb Code     0  startup_stm32h743xx.o(.text)
    TAMP_STAMP_IRQHandler                    0x080002c7   Thumb Code     0  startup_stm32h743xx.o(.text)
    TIM15_IRQHandler                         0x080002c7   Thumb Code     0  startup_stm32h743xx.o(.text)
    TIM16_IRQHandler                         0x080002c7   Thumb Code     0  startup_stm32h743xx.o(.text)
    TIM17_IRQHandler                         0x080002c7   Thumb Code     0  startup_stm32h743xx.o(.text)
    TIM1_BRK_IRQHandler                      0x080002c7   Thumb Code     0  startup_stm32h743xx.o(.text)
    TIM1_CC_IRQHandler                       0x080002c7   Thumb Code     0  startup_stm32h743xx.o(.text)
    TIM1_TRG_COM_IRQHandler                  0x080002c7   Thumb Code     0  startup_stm32h743xx.o(.text)
    TIM1_UP_IRQHandler                       0x080002c7   Thumb Code     0  startup_stm32h743xx.o(.text)
    TIM2_IRQHandler                          0x080002c7   Thumb Code     0  startup_stm32h743xx.o(.text)
    TIM3_IRQHandler                          0x080002c7   Thumb Code     0  startup_stm32h743xx.o(.text)
    TIM4_IRQHandler                          0x080002c7   Thumb Code     0  startup_stm32h743xx.o(.text)
    TIM5_IRQHandler                          0x080002c7   Thumb Code     0  startup_stm32h743xx.o(.text)
    TIM6_DAC_IRQHandler                      0x080002c7   Thumb Code     0  startup_stm32h743xx.o(.text)
    TIM7_IRQHandler                          0x080002c7   Thumb Code     0  startup_stm32h743xx.o(.text)
    TIM8_BRK_TIM12_IRQHandler                0x080002c7   Thumb Code     0  startup_stm32h743xx.o(.text)
    TIM8_CC_IRQHandler                       0x080002c7   Thumb Code     0  startup_stm32h743xx.o(.text)
    TIM8_TRG_COM_TIM14_IRQHandler            0x080002c7   Thumb Code     0  startup_stm32h743xx.o(.text)
    TIM8_UP_TIM13_IRQHandler                 0x080002c7   Thumb Code     0  startup_stm32h743xx.o(.text)
    UART4_IRQHandler                         0x080002c7   Thumb Code     0  startup_stm32h743xx.o(.text)
    UART5_IRQHandler                         0x080002c7   Thumb Code     0  startup_stm32h743xx.o(.text)
    UART7_IRQHandler                         0x080002c7   Thumb Code     0  startup_stm32h743xx.o(.text)
    UART8_IRQHandler                         0x080002c7   Thumb Code     0  startup_stm32h743xx.o(.text)
    USART1_IRQHandler                        0x080002c7   Thumb Code     0  startup_stm32h743xx.o(.text)
    USART2_IRQHandler                        0x080002c7   Thumb Code     0  startup_stm32h743xx.o(.text)
    USART6_IRQHandler                        0x080002c7   Thumb Code     0  startup_stm32h743xx.o(.text)
    WAKEUP_PIN_IRQHandler                    0x080002c7   Thumb Code     0  startup_stm32h743xx.o(.text)
    WWDG_IRQHandler                          0x080002c7   Thumb Code     0  startup_stm32h743xx.o(.text)
    __aeabi_uldivmod                         0x080002d1   Thumb Code    98  uldiv.o(.text)
    __aeabi_memset                           0x08000333   Thumb Code    14  memseta.o(.text)
    __aeabi_memset4                          0x08000333   Thumb Code     0  memseta.o(.text)
    __aeabi_memset8                          0x08000333   Thumb Code     0  memseta.o(.text)
    __aeabi_memclr                           0x08000341   Thumb Code     4  memseta.o(.text)
    __aeabi_memclr4                          0x08000341   Thumb Code     0  memseta.o(.text)
    __aeabi_memclr8                          0x08000341   Thumb Code     0  memseta.o(.text)
    _memset$wrapper                          0x08000345   Thumb Code    18  memseta.o(.text)
    strcat                                   0x08000357   Thumb Code    24  strcat.o(.text)
    strlen                                   0x0800036f   Thumb Code    14  strlen.o(.text)
    __0sscanf                                0x0800037d   Thumb Code    48  __0sscanf.o(.text)
    _scanf_real                              0x080004dd   Thumb Code     0  scanf_fp.o(.text)
    _scanf_really_real                       0x080004dd   Thumb Code   556  scanf_fp.o(.text)
    __aeabi_llsl                             0x08000715   Thumb Code    30  llshl.o(.text)
    _ll_shift_l                              0x08000715   Thumb Code     0  llshl.o(.text)
    __aeabi_llsr                             0x08000733   Thumb Code    32  llushr.o(.text)
    _ll_ushift_r                             0x08000733   Thumb Code     0  llushr.o(.text)
    __vfscanf_char                           0x08000761   Thumb Code    20  scanf_char.o(.text)
    _sgetc                                   0x0800077d   Thumb Code    30  _sgetc.o(.text)
    _sbackspace                              0x0800079b   Thumb Code    34  _sgetc.o(.text)
    __I$use$fp                               0x080007bd   Thumb Code     0  iusefp.o(.text)
    __aeabi_dmul                             0x080007bd   Thumb Code   228  dmul.o(.text)
    __aeabi_ddiv                             0x080008a1   Thumb Code   222  ddiv.o(.text)
    __aeabi_ul2d                             0x0800097f   Thumb Code    24  dfltul.o(.text)
    __aeabi_d2f                              0x08000997   Thumb Code    56  d2f.o(.text)
    __scatterload                            0x080009d1   Thumb Code    28  init.o(.text)
    __scatterload_rt2                        0x080009d1   Thumb Code     0  init.o(.text)
    isspace                                  0x080009f5   Thumb Code    10  isspace_c.o(.text)
    __vfscanf                                0x08000a01   Thumb Code   808  _scanf.o(.text)
    _float_round                             0x08000d2d   Thumb Code    18  fepilogue.o(.text)
    _float_epilogue                          0x08000d3f   Thumb Code    92  fepilogue.o(.text)
    _double_round                            0x08000d9b   Thumb Code    30  depilogue.o(.text)
    _double_epilogue                         0x08000db9   Thumb Code   156  depilogue.o(.text)
    __ctype_lookup                           0x08000e55   Thumb Code    34  ctype_c.o(.text)
    BusFault_Handler                         0x08000e7d   Thumb Code     2  stm32h7xx_it.o(.text.BusFault_Handler)
    Check_Bluetooth                          0x08000e81   Thumb Code    40  main.o(.text.Check_Bluetooth)
    DebugMon_Handler                         0x08000ea9   Thumb Code     2  stm32h7xx_it.o(.text.DebugMon_Handler)
    Error_Handler                            0x08000eab   Thumb Code     2  main.o(.text.Error_Handler)
    HAL_DMA_Abort_IT                         0x08000ead   Thumb Code   468  stm32h7xx_hal_dma.o(.text.HAL_DMA_Abort_IT)
    HAL_Delay                                0x08001081   Thumb Code    32  stm32h7xx_hal.o(.text.HAL_Delay)
    HAL_GPIO_Init                            0x080010a1   Thumb Code   380  stm32h7xx_hal_gpio.o(.text.HAL_GPIO_Init)
    HAL_GPIO_ReadPin                         0x0800121d   Thumb Code    10  stm32h7xx_hal_gpio.o(.text.HAL_GPIO_ReadPin)
    HAL_GPIO_TogglePin                       0x08001227   Thumb Code    14  stm32h7xx_hal_gpio.o(.text.HAL_GPIO_TogglePin)
    HAL_GPIO_WritePin                        0x08001235   Thumb Code    10  stm32h7xx_hal_gpio.o(.text.HAL_GPIO_WritePin)
    HAL_GetREVID                             0x08001241   Thumb Code    12  stm32h7xx_hal.o(.text.HAL_GetREVID)
    HAL_GetTick                              0x0800124d   Thumb Code     8  stm32h7xx_hal.o(.text.HAL_GetTick)
    HAL_IncTick                              0x08001255   Thumb Code    20  stm32h7xx_hal.o(.text.HAL_IncTick)
    HAL_Init                                 0x08001269   Thumb Code    80  stm32h7xx_hal.o(.text.HAL_Init)
    HAL_InitTick                             0x080012b9   Thumb Code    72  stm32h7xx_hal.o(.text.HAL_InitTick)
    HAL_MspInit                              0x08001301   Thumb Code    32  stm32h7xx_hal_msp.o(.text.HAL_MspInit)
    HAL_NVIC_EnableIRQ                       0x08001321   Thumb Code    28  stm32h7xx_hal_cortex.o(.text.HAL_NVIC_EnableIRQ)
    HAL_NVIC_SetPriority                     0x0800133d   Thumb Code    56  stm32h7xx_hal_cortex.o(.text.HAL_NVIC_SetPriority)
    HAL_NVIC_SetPriorityGrouping             0x08001375   Thumb Code    32  stm32h7xx_hal_cortex.o(.text.HAL_NVIC_SetPriorityGrouping)
    HAL_PWREx_ConfigSupply                   0x08001395   Thumb Code    72  stm32h7xx_hal_pwr_ex.o(.text.HAL_PWREx_ConfigSupply)
    HAL_RCCEx_GetD3PCLK1Freq                 0x080013dd   Thumb Code    36  stm32h7xx_hal_rcc_ex.o(.text.HAL_RCCEx_GetD3PCLK1Freq)
    HAL_RCCEx_GetPLL2ClockFreq               0x08001401   Thumb Code   264  stm32h7xx_hal_rcc_ex.o(.text.HAL_RCCEx_GetPLL2ClockFreq)
    HAL_RCCEx_GetPLL3ClockFreq               0x08001509   Thumb Code   264  stm32h7xx_hal_rcc_ex.o(.text.HAL_RCCEx_GetPLL3ClockFreq)
    HAL_RCCEx_PeriphCLKConfig                0x08001611   Thumb Code  2212  stm32h7xx_hal_rcc_ex.o(.text.HAL_RCCEx_PeriphCLKConfig)
    HAL_RCC_ClockConfig                      0x08001eb5   Thumb Code   536  stm32h7xx_hal_rcc.o(.text.HAL_RCC_ClockConfig)
    HAL_RCC_GetHCLKFreq                      0x080020cd   Thumb Code    60  stm32h7xx_hal_rcc.o(.text.HAL_RCC_GetHCLKFreq)
    HAL_RCC_GetPCLK1Freq                     0x08002109   Thumb Code    28  stm32h7xx_hal_rcc.o(.text.HAL_RCC_GetPCLK1Freq)
    HAL_RCC_GetPCLK2Freq                     0x08002125   Thumb Code    36  stm32h7xx_hal_rcc.o(.text.HAL_RCC_GetPCLK2Freq)
    HAL_RCC_GetSysClockFreq                  0x08002149   Thumb Code   244  stm32h7xx_hal_rcc.o(.text.HAL_RCC_GetSysClockFreq)
    HAL_RCC_OscConfig                        0x0800223d   Thumb Code  1190  stm32h7xx_hal_rcc.o(.text.HAL_RCC_OscConfig)
    HAL_SYSTICK_Config                       0x080026e5   Thumb Code    40  stm32h7xx_hal_cortex.o(.text.HAL_SYSTICK_Config)
    HAL_UARTEx_DisableFifoMode               0x0800270d   Thumb Code    54  stm32h7xx_hal_uart_ex.o(.text.HAL_UARTEx_DisableFifoMode)
    HAL_UARTEx_RxFifoFullCallback            0x08002743   Thumb Code     2  stm32h7xx_hal_uart_ex.o(.text.HAL_UARTEx_RxFifoFullCallback)
    HAL_UARTEx_SetRxFifoThreshold            0x08002745   Thumb Code    74  stm32h7xx_hal_uart_ex.o(.text.HAL_UARTEx_SetRxFifoThreshold)
    HAL_UARTEx_SetTxFifoThreshold            0x0800278f   Thumb Code    74  stm32h7xx_hal_uart_ex.o(.text.HAL_UARTEx_SetTxFifoThreshold)
    HAL_UARTEx_TxFifoEmptyCallback           0x080027d9   Thumb Code     2  stm32h7xx_hal_uart_ex.o(.text.HAL_UARTEx_TxFifoEmptyCallback)
    HAL_UARTEx_WakeupCallback                0x080027db   Thumb Code     2  stm32h7xx_hal_uart_ex.o(.text.HAL_UARTEx_WakeupCallback)
    HAL_UART_ErrorCallback                   0x080027dd   Thumb Code     2  stm32h7xx_hal_uart.o(.text.HAL_UART_ErrorCallback)
    HAL_UART_IRQHandler                      0x080027e1   Thumb Code   464  stm32h7xx_hal_uart.o(.text.HAL_UART_IRQHandler)
    HAL_UART_Init                            0x080029b1   Thumb Code   100  stm32h7xx_hal_uart.o(.text.HAL_UART_Init)
    HAL_UART_MspInit                         0x08002a15   Thumb Code   268  usart.o(.text.HAL_UART_MspInit)
    HAL_UART_Receive_IT                      0x08002b21   Thumb Code   232  stm32h7xx_hal_uart.o(.text.HAL_UART_Receive_IT)
    HAL_UART_RxCpltCallback                  0x08002c09   Thumb Code    52  main.o(.text.HAL_UART_RxCpltCallback)
    HAL_UART_Transmit                        0x08002c3d   Thumb Code   206  stm32h7xx_hal_uart.o(.text.HAL_UART_Transmit)
    HAL_UART_Transmit_IT                     0x08002d0d   Thumb Code   156  stm32h7xx_hal_uart.o(.text.HAL_UART_Transmit_IT)
    HAL_UART_TxCpltCallback                  0x08002da9   Thumb Code     2  stm32h7xx_hal_uart.o(.text.HAL_UART_TxCpltCallback)
    HardFault_Handler                        0x08002dab   Thumb Code     2  stm32h7xx_it.o(.text.HardFault_Handler)
    MX_GPIO_Init                             0x08002dad   Thumb Code   208  gpio.o(.text.MX_GPIO_Init)
    MX_USART1_UART_Init                      0x08002e7d   Thumb Code   104  usart.o(.text.MX_USART1_UART_Init)
    MX_USART2_UART_Init                      0x08002ee5   Thumb Code   104  usart.o(.text.MX_USART2_UART_Init)
    MX_USART3_UART_Init                      0x08002f4d   Thumb Code   100  usart.o(.text.MX_USART3_UART_Init)
    MemManage_Handler                        0x08002fb1   Thumb Code     2  stm32h7xx_it.o(.text.MemManage_Handler)
    Modify_Param                             0x08002fb5   Thumb Code    64  main.o(.text.Modify_Param)
    Motor_Rotate                             0x08002ff5   Thumb Code   328  usart.o(.text.Motor_Rotate)
    NMI_Handler                              0x0800313d   Thumb Code     2  stm32h7xx_it.o(.text.NMI_Handler)
    PendSV_Handler                           0x0800313f   Thumb Code     2  stm32h7xx_it.o(.text.PendSV_Handler)
    SVC_Handler                              0x08003335   Thumb Code     2  stm32h7xx_it.o(.text.SVC_Handler)
    SetVelocity                              0x08003339   Thumb Code   168  main.o(.text.SetVelocity)
    StartMotor                               0x080033e1   Thumb Code    60  main.o(.text.StartMotor)
    SysTick_Handler                          0x0800341d   Thumb Code     4  stm32h7xx_it.o(.text.SysTick_Handler)
    SystemClock_Config                       0x08003421   Thumb Code   192  main.o(.text.SystemClock_Config)
    SystemInit                               0x080034e1   Thumb Code   188  system_stm32h7xx.o(.text.SystemInit)
    TurnBack                                 0x0800359d   Thumb Code    64  main.o(.text.TurnBack)
    UART2_Send                               0x080035dd   Thumb Code    48  usart.o(.text.UART2_Send)
    UART_AdvFeatureConfig                    0x08003651   Thumb Code   170  stm32h7xx_hal_uart.o(.text.UART_AdvFeatureConfig)
    UART_CheckIdleState                      0x080036fb   Thumb Code    98  stm32h7xx_hal_uart.o(.text.UART_CheckIdleState)
    UART_SetConfig                           0x08003981   Thumb Code   896  stm32h7xx_hal_uart.o(.text.UART_SetConfig)
    UART_WaitOnFlagUntilTimeout              0x08003e11   Thumb Code   160  stm32h7xx_hal_uart.o(.text.UART_WaitOnFlagUntilTimeout)
    USART3_IRQHandler                        0x08003eb1   Thumb Code     8  stm32h7xx_it.o(.text.USART3_IRQHandler)
    UsageFault_Handler                       0x08003eb9   Thumb Code     2  stm32h7xx_it.o(.text.UsageFault_Handler)
    fputc                                    0x08003ee1   Thumb Code    44  usart.o(.text.fputc)
    main                                     0x08003f0d   Thumb Code   776  main.o(.text.main)
    myitoa                                   0x08004215   Thumb Code    90  usart.o(.text.myitoa)
    __0printf$2                              0x08004271   Thumb Code    22  printf2.o(i.__0printf$2)
    __1printf$2                              0x08004271   Thumb Code     0  printf2.o(i.__0printf$2)
    __2printf                                0x08004271   Thumb Code     0  printf2.o(i.__0printf$2)
    __scatterload_copy                       0x08004291   Thumb Code    14  handlers.o(i.__scatterload_copy)
    __scatterload_null                       0x0800429f   Thumb Code     2  handlers.o(i.__scatterload_null)
    __scatterload_zeroinit                   0x080042a1   Thumb Code    14  handlers.o(i.__scatterload_zeroinit)
    _is_digit                                0x080042af   Thumb Code    14  scanf_fp.o(i._is_digit)
    __ctype_categories                       0x08004392   Data          64  ctype_c.o(.constdata)
    D1CorePrescTable                         0x080043d2   Data          16  system_stm32h7xx.o(.rodata.D1CorePrescTable)
    UARTPrescTable                           0x080043e2   Data          24  stm32h7xx_hal_uart.o(.rodata.UARTPrescTable)
    Region$$Table$$Base                      0x08004410   Number         0  anon$$obj.o(Region$$Table)
    Region$$Table$$Limit                     0x08004430   Number         0  anon$$obj.o(Region$$Table)
    __stdout                                 0x24000000   Data           4  stdout.o(.data)
    uwTickFreq                               0x24000004   Data           1  stm32h7xx_hal.o(.data..L_MergedGlobals)
    uwTickPrio                               0x24000008   Data           4  stm32h7xx_hal.o(.data..L_MergedGlobals)
    SystemCoreClock                          0x2400000c   Data           4  system_stm32h7xx.o(.data..L_MergedGlobals)
    SystemD2Clock                            0x24000010   Data           4  system_stm32h7xx.o(.data..L_MergedGlobals)
    StartFlag                                0x24000014   Data           4  main.o(.data.StartFlag)
    scale                                    0x24000018   Data           4  main.o(.data.scale)
    RxBuff                                   0x24000020   Data           1  main.o(.bss..L_MergedGlobals)
    Recieve_flag                             0x24000021   Data           1  main.o(.bss..L_MergedGlobals)
    EndFlag                                  0x24000024   Data           4  main.o(.bss..L_MergedGlobals)
    endpoint                                 0x24000028   Data           4  main.o(.bss..L_MergedGlobals)
    RxLine                                   0x2400002c   Data           4  main.o(.bss..L_MergedGlobals)
    Recieve_val                              0x24000030   Data           4  main.o(.bss..L_MergedGlobals)
    trc1                                     0x24000034   Data           4  main.o(.bss..L_MergedGlobals)
    trc2                                     0x24000038   Data           4  main.o(.bss..L_MergedGlobals)
    trc3                                     0x2400003c   Data           4  main.o(.bss..L_MergedGlobals)
    trc4                                     0x24000040   Data           4  main.o(.bss..L_MergedGlobals)
    trc5                                     0x24000044   Data           4  main.o(.bss..L_MergedGlobals)
    case1_1                                  0x24000048   Data           4  main.o(.bss..L_MergedGlobals)
    case1_2                                  0x2400004c   Data           4  main.o(.bss..L_MergedGlobals)
    case1_3                                  0x24000050   Data           4  main.o(.bss..L_MergedGlobals)
    case2_1                                  0x24000054   Data           4  main.o(.bss..L_MergedGlobals)
    case2_2                                  0x24000058   Data           4  main.o(.bss..L_MergedGlobals)
    case2_3                                  0x2400005c   Data           4  main.o(.bss..L_MergedGlobals)
    case2_4                                  0x24000060   Data           4  main.o(.bss..L_MergedGlobals)
    case2_5                                  0x24000064   Data           4  main.o(.bss..L_MergedGlobals)
    case2_6                                  0x24000068   Data           4  main.o(.bss..L_MergedGlobals)
    case3_1                                  0x2400006c   Data           4  main.o(.bss..L_MergedGlobals)
    case3_2                                  0x24000070   Data           4  main.o(.bss..L_MergedGlobals)
    case3_3                                  0x24000074   Data           4  main.o(.bss..L_MergedGlobals)
    case3_4                                  0x24000078   Data           4  main.o(.bss..L_MergedGlobals)
    case3_5                                  0x2400007c   Data           4  main.o(.bss..L_MergedGlobals)
    case3_6                                  0x24000080   Data           4  main.o(.bss..L_MergedGlobals)
    case4                                    0x24000084   Data           4  main.o(.bss..L_MergedGlobals)
    case5                                    0x24000088   Data           4  main.o(.bss..L_MergedGlobals)
    DataBuff                                 0x2400008c   Data          10  main.o(.bss..L_MergedGlobals)
    huart1                                   0x24000098   Data         140  usart.o(.bss.huart1)
    huart2                                   0x24000124   Data         140  usart.o(.bss.huart2)
    huart3                                   0x240001b0   Data         140  usart.o(.bss.huart3)
    uwTick                                   0x2400023c   Data           4  stm32h7xx_hal.o(.bss.uwTick)
    __initial_sp                             0x24000640   Data           0  startup_stm32h743xx.o(STACK)



==============================================================================

Memory Map of the image

  Image Entry point : 0x08000299

  Load Region LR_IROM1 (Base: 0x08000000, Size: 0x00004450, Max: 0x00200000, ABSOLUTE)

    Execution Region ER_IROM1 (Exec base: 0x08000000, Load base: 0x08000000, Size: 0x00004430, Max: 0x00200000, ABSOLUTE)

    Exec Addr    Load Addr    Size         Type   Attr      Idx    E Section Name        Object

    0x08000000   0x08000000   0x00000298   Data   RO            3    RESET               startup_stm32h743xx.o
    0x08000298   0x08000298   0x00000000   Code   RO         1161  * .ARM.Collect$$$$00000000  mc_w.l(entry.o)
    0x08000298   0x08000298   0x00000004   Code   RO         1439    .ARM.Collect$$$$00000001  mc_w.l(entry2.o)
    0x0800029c   0x0800029c   0x00000004   Code   RO         1442    .ARM.Collect$$$$00000004  mc_w.l(entry5.o)
    0x080002a0   0x080002a0   0x00000000   Code   RO         1444    .ARM.Collect$$$$00000008  mc_w.l(entry7b.o)
    0x080002a0   0x080002a0   0x00000000   Code   RO         1446    .ARM.Collect$$$$0000000A  mc_w.l(entry8b.o)
    0x080002a0   0x080002a0   0x00000008   Code   RO         1447    .ARM.Collect$$$$0000000B  mc_w.l(entry9a.o)
    0x080002a8   0x080002a8   0x00000000   Code   RO         1449    .ARM.Collect$$$$0000000D  mc_w.l(entry10a.o)
    0x080002a8   0x080002a8   0x00000000   Code   RO         1451    .ARM.Collect$$$$0000000F  mc_w.l(entry11a.o)
    0x080002a8   0x080002a8   0x00000004   Code   RO         1440    .ARM.Collect$$$$00002712  mc_w.l(entry2.o)
    0x080002ac   0x080002ac   0x00000024   Code   RO            4    .text               startup_stm32h743xx.o
    0x080002d0   0x080002d0   0x00000062   Code   RO         1164    .text               mc_w.l(uldiv.o)
    0x08000332   0x08000332   0x00000024   Code   RO         1166    .text               mc_w.l(memseta.o)
    0x08000356   0x08000356   0x00000018   Code   RO         1168    .text               mc_w.l(strcat.o)
    0x0800036e   0x0800036e   0x0000000e   Code   RO         1170    .text               mc_w.l(strlen.o)
    0x0800037c   0x0800037c   0x00000038   Code   RO         1433    .text               mc_w.l(__0sscanf.o)
    0x080003b4   0x080003b4   0x00000360   Code   RO         1435    .text               mc_w.l(scanf_fp.o)
    0x08000714   0x08000714   0x0000001e   Code   RO         1456    .text               mc_w.l(llshl.o)
    0x08000732   0x08000732   0x00000020   Code   RO         1458    .text               mc_w.l(llushr.o)
    0x08000752   0x08000752   0x00000002   PAD
    0x08000754   0x08000754   0x00000028   Code   RO         1460    .text               mc_w.l(scanf_char.o)
    0x0800077c   0x0800077c   0x00000040   Code   RO         1462    .text               mc_w.l(_sgetc.o)
    0x080007bc   0x080007bc   0x00000000   Code   RO         1464    .text               mc_w.l(iusefp.o)
    0x080007bc   0x080007bc   0x000000e4   Code   RO         1467    .text               mf_w.l(dmul.o)
    0x080008a0   0x080008a0   0x000000de   Code   RO         1469    .text               mf_w.l(ddiv.o)
    0x0800097e   0x0800097e   0x00000018   Code   RO         1471    .text               mf_w.l(dfltul.o)
    0x08000996   0x08000996   0x00000038   Code   RO         1477    .text               mf_w.l(d2f.o)
    0x080009ce   0x080009ce   0x00000002   PAD
    0x080009d0   0x080009d0   0x00000024   Code   RO         1479    .text               mc_w.l(init.o)
    0x080009f4   0x080009f4   0x0000000a   Code   RO         1483    .text               mc_w.l(isspace_c.o)
    0x080009fe   0x080009fe   0x00000002   PAD
    0x08000a00   0x08000a00   0x0000032c   Code   RO         1485    .text               mc_w.l(_scanf.o)
    0x08000d2c   0x08000d2c   0x0000006e   Code   RO         1487    .text               mf_w.l(fepilogue.o)
    0x08000d9a   0x08000d9a   0x000000ba   Code   RO         1489    .text               mf_w.l(depilogue.o)
    0x08000e54   0x08000e54   0x00000028   Code   RO         1491    .text               mc_w.l(ctype_c.o)
    0x08000e7c   0x08000e7c   0x00000002   Code   RO          100    .text.BusFault_Handler  stm32h7xx_it.o
    0x08000e7e   0x08000e7e   0x00000002   PAD
    0x08000e80   0x08000e80   0x00000028   Code   RO           21    .text.Check_Bluetooth  main.o
    0x08000ea8   0x08000ea8   0x00000002   Code   RO          106    .text.DebugMon_Handler  stm32h7xx_it.o
    0x08000eaa   0x08000eaa   0x00000002   Code   RO           19    .text.Error_Handler  main.o
    0x08000eac   0x08000eac   0x000001d4   Code   RO          596    .text.HAL_DMA_Abort_IT  stm32h7xx_hal_dma.o
    0x08001080   0x08001080   0x00000020   Code   RO          842    .text.HAL_Delay     stm32h7xx_hal.o
    0x080010a0   0x080010a0   0x0000017c   Code   RO          524    .text.HAL_GPIO_Init  stm32h7xx_hal_gpio.o
    0x0800121c   0x0800121c   0x0000000a   Code   RO          528    .text.HAL_GPIO_ReadPin  stm32h7xx_hal_gpio.o
    0x08001226   0x08001226   0x0000000e   Code   RO          532    .text.HAL_GPIO_TogglePin  stm32h7xx_hal_gpio.o
    0x08001234   0x08001234   0x0000000a   Code   RO          530    .text.HAL_GPIO_WritePin  stm32h7xx_hal_gpio.o
    0x0800123e   0x0800123e   0x00000002   PAD
    0x08001240   0x08001240   0x0000000c   Code   RO          850    .text.HAL_GetREVID  stm32h7xx_hal.o
    0x0800124c   0x0800124c   0x00000008   Code   RO          834    .text.HAL_GetTick   stm32h7xx_hal.o
    0x08001254   0x08001254   0x00000014   Code   RO          832    .text.HAL_IncTick   stm32h7xx_hal.o
    0x08001268   0x08001268   0x00000050   Code   RO          822    .text.HAL_Init      stm32h7xx_hal.o
    0x080012b8   0x080012b8   0x00000048   Code   RO          824    .text.HAL_InitTick  stm32h7xx_hal.o
    0x08001300   0x08001300   0x00000020   Code   RO          121    .text.HAL_MspInit   stm32h7xx_hal_msp.o
    0x08001320   0x08001320   0x0000001c   Code   RO          135    .text.HAL_NVIC_EnableIRQ  stm32h7xx_hal_cortex.o
    0x0800133c   0x0800133c   0x00000038   Code   RO          131    .text.HAL_NVIC_SetPriority  stm32h7xx_hal_cortex.o
    0x08001374   0x08001374   0x00000020   Code   RO          129    .text.HAL_NVIC_SetPriorityGrouping  stm32h7xx_hal_cortex.o
    0x08001394   0x08001394   0x00000048   Code   RO          734    .text.HAL_PWREx_ConfigSupply  stm32h7xx_hal_pwr_ex.o
    0x080013dc   0x080013dc   0x00000024   Code   RO          409    .text.HAL_RCCEx_GetD3PCLK1Freq  stm32h7xx_hal_rcc_ex.o
    0x08001400   0x08001400   0x00000108   Code   RO          405    .text.HAL_RCCEx_GetPLL2ClockFreq  stm32h7xx_hal_rcc_ex.o
    0x08001508   0x08001508   0x00000108   Code   RO          407    .text.HAL_RCCEx_GetPLL3ClockFreq  stm32h7xx_hal_rcc_ex.o
    0x08001610   0x08001610   0x000008a4   Code   RO          393    .text.HAL_RCCEx_PeriphCLKConfig  stm32h7xx_hal_rcc_ex.o
    0x08001eb4   0x08001eb4   0x00000218   Code   RO          361    .text.HAL_RCC_ClockConfig  stm32h7xx_hal_rcc.o
    0x080020cc   0x080020cc   0x0000003c   Code   RO          371    .text.HAL_RCC_GetHCLKFreq  stm32h7xx_hal_rcc.o
    0x08002108   0x08002108   0x0000001c   Code   RO          373    .text.HAL_RCC_GetPCLK1Freq  stm32h7xx_hal_rcc.o
    0x08002124   0x08002124   0x00000024   Code   RO          375    .text.HAL_RCC_GetPCLK2Freq  stm32h7xx_hal_rcc.o
    0x08002148   0x08002148   0x000000f4   Code   RO          363    .text.HAL_RCC_GetSysClockFreq  stm32h7xx_hal_rcc.o
    0x0800223c   0x0800223c   0x000004a6   Code   RO          359    .text.HAL_RCC_OscConfig  stm32h7xx_hal_rcc.o
    0x080026e2   0x080026e2   0x00000002   PAD
    0x080026e4   0x080026e4   0x00000028   Code   RO          143    .text.HAL_SYSTICK_Config  stm32h7xx_hal_cortex.o
    0x0800270c   0x0800270c   0x00000036   Code   RO          342    .text.HAL_UARTEx_DisableFifoMode  stm32h7xx_hal_uart_ex.o
    0x08002742   0x08002742   0x00000002   Code   RO          326    .text.HAL_UARTEx_RxFifoFullCallback  stm32h7xx_hal_uart_ex.o
    0x08002744   0x08002744   0x0000004a   Code   RO          346    .text.HAL_UARTEx_SetRxFifoThreshold  stm32h7xx_hal_uart_ex.o
    0x0800278e   0x0800278e   0x0000004a   Code   RO          344    .text.HAL_UARTEx_SetTxFifoThreshold  stm32h7xx_hal_uart_ex.o
    0x080027d8   0x080027d8   0x00000002   Code   RO          328    .text.HAL_UARTEx_TxFifoEmptyCallback  stm32h7xx_hal_uart_ex.o
    0x080027da   0x080027da   0x00000002   Code   RO          324    .text.HAL_UARTEx_WakeupCallback  stm32h7xx_hal_uart_ex.o
    0x080027dc   0x080027dc   0x00000002   Code   RO          281    .text.HAL_UART_ErrorCallback  stm32h7xx_hal_uart.o
    0x080027de   0x080027de   0x00000002   PAD
    0x080027e0   0x080027e0   0x000001d0   Code   RO          277    .text.HAL_UART_IRQHandler  stm32h7xx_hal_uart.o
    0x080029b0   0x080029b0   0x00000064   Code   RO          181    .text.HAL_UART_Init  stm32h7xx_hal_uart.o
    0x08002a14   0x08002a14   0x0000010c   Code   RO           74    .text.HAL_UART_MspInit  usart.o
    0x08002b20   0x08002b20   0x000000e8   Code   RO          217    .text.HAL_UART_Receive_IT  stm32h7xx_hal_uart.o
    0x08002c08   0x08002c08   0x00000034   Code   RO           27    .text.HAL_UART_RxCpltCallback  main.o
    0x08002c3c   0x08002c3c   0x000000ce   Code   RO          201    .text.HAL_UART_Transmit  stm32h7xx_hal_uart.o
    0x08002d0a   0x08002d0a   0x00000002   PAD
    0x08002d0c   0x08002d0c   0x0000009c   Code   RO          207    .text.HAL_UART_Transmit_IT  stm32h7xx_hal_uart.o
    0x08002da8   0x08002da8   0x00000002   Code   RO          283    .text.HAL_UART_TxCpltCallback  stm32h7xx_hal_uart.o
    0x08002daa   0x08002daa   0x00000002   Code   RO           96    .text.HardFault_Handler  stm32h7xx_it.o
    0x08002dac   0x08002dac   0x000000d0   Code   RO           55    .text.MX_GPIO_Init  gpio.o
    0x08002e7c   0x08002e7c   0x00000068   Code   RO           68    .text.MX_USART1_UART_Init  usart.o
    0x08002ee4   0x08002ee4   0x00000068   Code   RO           70    .text.MX_USART2_UART_Init  usart.o
    0x08002f4c   0x08002f4c   0x00000064   Code   RO           72    .text.MX_USART3_UART_Init  usart.o
    0x08002fb0   0x08002fb0   0x00000002   Code   RO           98    .text.MemManage_Handler  stm32h7xx_it.o
    0x08002fb2   0x08002fb2   0x00000002   PAD
    0x08002fb4   0x08002fb4   0x00000040   Code   RO           23    .text.Modify_Param  main.o
    0x08002ff4   0x08002ff4   0x00000148   Code   RO           78    .text.Motor_Rotate  usart.o
    0x0800313c   0x0800313c   0x00000002   Code   RO           94    .text.NMI_Handler   stm32h7xx_it.o
    0x0800313e   0x0800313e   0x00000002   Code   RO          108    .text.PendSV_Handler  stm32h7xx_it.o
    0x08003140   0x08003140   0x000000f8   Code   RO          395    .text.RCCEx_PLL2_Config  stm32h7xx_hal_rcc_ex.o
    0x08003238   0x08003238   0x000000fc   Code   RO          397    .text.RCCEx_PLL3_Config  stm32h7xx_hal_rcc_ex.o
    0x08003334   0x08003334   0x00000002   Code   RO          104    .text.SVC_Handler   stm32h7xx_it.o
    0x08003336   0x08003336   0x00000002   PAD
    0x08003338   0x08003338   0x000000a8   Code   RO           25    .text.SetVelocity   main.o
    0x080033e0   0x080033e0   0x0000003c   Code   RO           15    .text.StartMotor    main.o
    0x0800341c   0x0800341c   0x00000004   Code   RO          110    .text.SysTick_Handler  stm32h7xx_it.o
    0x08003420   0x08003420   0x000000c0   Code   RO           13    .text.SystemClock_Config  main.o
    0x080034e0   0x080034e0   0x000000bc   Code   RO         1148    .text.SystemInit    system_stm32h7xx.o
    0x0800359c   0x0800359c   0x00000040   Code   RO           17    .text.TurnBack      main.o
    0x080035dc   0x080035dc   0x00000030   Code   RO           64    .text.UART2_Send    usart.o
    0x0800360c   0x0800360c   0x00000044   Code   RO          340    .text.UARTEx_SetNbDataToProcess  stm32h7xx_hal_uart_ex.o
    0x08003650   0x08003650   0x000000aa   Code   RO          187    .text.UART_AdvFeatureConfig  stm32h7xx_hal_uart.o
    0x080036fa   0x080036fa   0x00000062   Code   RO          189    .text.UART_CheckIdleState  stm32h7xx_hal_uart.o
    0x0800375c   0x0800375c   0x00000010   Code   RO          279    .text.UART_DMAAbortOnError  stm32h7xx_hal_uart.o
    0x0800376c   0x0800376c   0x00000020   Code   RO          249    .text.UART_EndRxTransfer  stm32h7xx_hal_uart.o
    0x0800378c   0x0800378c   0x00000054   Code   RO          223    .text.UART_RxISR_16BIT  stm32h7xx_hal_uart.o
    0x080037e0   0x080037e0   0x000000a0   Code   RO          219    .text.UART_RxISR_16BIT_FIFOEN  stm32h7xx_hal_uart.o
    0x08003880   0x08003880   0x00000058   Code   RO          225    .text.UART_RxISR_8BIT  stm32h7xx_hal_uart.o
    0x080038d8   0x080038d8   0x000000a8   Code   RO          221    .text.UART_RxISR_8BIT_FIFOEN  stm32h7xx_hal_uart.o
    0x08003980   0x08003980   0x00000380   Code   RO          185    .text.UART_SetConfig  stm32h7xx_hal_uart.o
    0x08003d00   0x08003d00   0x0000003e   Code   RO          213    .text.UART_TxISR_16BIT  stm32h7xx_hal_uart.o
    0x08003d3e   0x08003d3e   0x0000004e   Code   RO          209    .text.UART_TxISR_16BIT_FIFOEN  stm32h7xx_hal_uart.o
    0x08003d8c   0x08003d8c   0x0000003a   Code   RO          215    .text.UART_TxISR_8BIT  stm32h7xx_hal_uart.o
    0x08003dc6   0x08003dc6   0x0000004a   Code   RO          211    .text.UART_TxISR_8BIT_FIFOEN  stm32h7xx_hal_uart.o
    0x08003e10   0x08003e10   0x000000a0   Code   RO          203    .text.UART_WaitOnFlagUntilTimeout  stm32h7xx_hal_uart.o
    0x08003eb0   0x08003eb0   0x00000008   Code   RO          112    .text.USART3_IRQHandler  stm32h7xx_it.o
    0x08003eb8   0x08003eb8   0x00000002   Code   RO          102    .text.UsageFault_Handler  stm32h7xx_it.o
    0x08003eba   0x08003eba   0x00000002   PAD
    0x08003ebc   0x08003ebc   0x00000024   Code   RO          133    .text.__NVIC_SetPriority  stm32h7xx_hal_cortex.o
    0x08003ee0   0x08003ee0   0x0000002c   Code   RO           66    .text.fputc         usart.o
    0x08003f0c   0x08003f0c   0x00000308   Code   RO           11    .text.main          main.o
    0x08004214   0x08004214   0x0000005a   Code   RO           80    .text.myitoa        usart.o
    0x0800426e   0x0800426e   0x00000002   PAD
    0x08004270   0x08004270   0x00000020   Code   RO         1239    i.__0printf$2       mc_w.l(printf2.o)
    0x08004290   0x08004290   0x0000000e   Code   RO         1496    i.__scatterload_copy  mc_w.l(handlers.o)
    0x0800429e   0x0800429e   0x00000002   Code   RO         1497    i.__scatterload_null  mc_w.l(handlers.o)
    0x080042a0   0x080042a0   0x0000000e   Code   RO         1498    i.__scatterload_zeroinit  mc_w.l(handlers.o)
    0x080042ae   0x080042ae   0x0000000e   Code   RO         1437    i._is_digit         mc_w.l(scanf_fp.o)
    0x080042bc   0x080042bc   0x000000d6   Code   RO         1246    i._printf_core      mc_w.l(printf2.o)
    0x08004392   0x08004392   0x00000040   Data   RO         1492    .constdata          mc_w.l(ctype_c.o)
    0x080043d2   0x080043d2   0x00000010   Data   RO         1152    .rodata.D1CorePrescTable  system_stm32h7xx.o
    0x080043e2   0x080043e2   0x00000018   Data   RO          313    .rodata.UARTPrescTable  stm32h7xx_hal_uart.o
    0x080043fa   0x080043fa   0x00000010   Data   RO          348    .rodata.cst8        stm32h7xx_hal_uart_ex.o
    0x0800440a   0x0800440a   0x00000005   Data   RO           44    .rodata.str1.1      main.o
    0x0800440f   0x0800440f   0x00000001   PAD
    0x08004410   0x08004410   0x00000020   Data   RO         1495    Region$$Table       anon$$obj.o


    Execution Region RW_IRAM1 (Exec base: 0x20000000, Load base: 0x08004430, Size: 0x00000000, Max: 0x00020000, ABSOLUTE)

    **** No section assigned to this execution region ****


    Execution Region RW_IRAM2 (Exec base: 0x24000000, Load base: 0x08004430, Size: 0x00000640, Max: 0x00080000, ABSOLUTE)

    Exec Addr    Load Addr    Size         Type   Attr      Idx    E Section Name        Object

    0x24000000   0x08004430   0x00000004   Data   RW         1453    .data               mc_w.l(stdout.o)
    0x24000004   0x08004434   0x00000008   Data   RW          927    .data..L_MergedGlobals  stm32h7xx_hal.o
    0x2400000c   0x0800443c   0x00000008   Data   RW         1153    .data..L_MergedGlobals  system_stm32h7xx.o
    0x24000014   0x08004444   0x00000004   Data   RW           39    .data.StartFlag     main.o
    0x24000018   0x08004448   0x00000004   Data   RW           43    .data.scale         main.o
    0x2400001c   0x0800444c   0x00000004   PAD
    0x24000020        -       0x00000076   Zero   RW           46    .bss..L_MergedGlobals  main.o
    0x24000096   0x0800444c   0x00000002   PAD
    0x24000098        -       0x0000008c   Zero   RW           83    .bss.huart1         usart.o
    0x24000124        -       0x0000008c   Zero   RW           82    .bss.huart2         usart.o
    0x240001b0        -       0x0000008c   Zero   RW           84    .bss.huart3         usart.o
    0x2400023c        -       0x00000004   Zero   RW          926    .bss.uwTick         stm32h7xx_hal.o
    0x24000240        -       0x00000400   Zero   RW            1    STACK               startup_stm32h743xx.o


==============================================================================

Image component sizes


      Code (inc. data)   RO Data    RW Data    ZI Data      Debug   Object Name

       208          8          0          0          0       2971   gpio.o
      1418         88          5          8        118      10571   main.o
        36          8        664          0       1024        808   startup_stm32h743xx.o
       224         24          0          8          4      15265   stm32h7xx_hal.o
       192         28          0          0          0      12211   stm32h7xx_hal_cortex.o
       468         96          0          0          0      15029   stm32h7xx_hal_dma.o
       414         16          0          0          0       6919   stm32h7xx_hal_gpio.o
        32          4          0          0          0       2206   stm32h7xx_hal_msp.o
        72          4          0          0          0      10266   stm32h7xx_hal_pwr_ex.o
      2094         64          0          0          0      11174   stm32h7xx_hal_rcc.o
      3276        158          0          0          0      17135   stm32h7xx_hal_rcc_ex.o
      3306        194         24          0          0      25379   stm32h7xx_hal_uart.o
       276          8         16          0          0       7901   stm32h7xx_hal_uart_ex.o
        28          0          0          0          0       1080   stm32h7xx_it.o
       188         40         16          8          0       5879   system_stm32h7xx.o
      1086         64          0          0        420      12090   usart.o

    ----------------------------------------------------------------------
     13336        804        758         24       1572     156884   Object Totals
         0          0         32          0          0          0   (incl. Generated)
        18          0          1          0          6          0   (incl. Padding)

    ----------------------------------------------------------------------

      Code (inc. data)   RO Data    RW Data    ZI Data      Debug   Library Member Name

        56          8          0          0          0         84   __0sscanf.o
       812          4          0          0          0        112   _scanf.o
        64          0          0          0          0         84   _sgetc.o
        40          6         64          0          0         68   ctype_c.o
         0          0          0          0          0          0   entry.o
         0          0          0          0          0          0   entry10a.o
         0          0          0          0          0          0   entry11a.o
         8          4          0          0          0          0   entry2.o
         4          0          0          0          0          0   entry5.o
         0          0          0          0          0          0   entry7b.o
         0          0          0          0          0          0   entry8b.o
         8          4          0          0          0          0   entry9a.o
        30          0          0          0          0          0   handlers.o
        36          8          0          0          0         68   init.o
        10          0          0          0          0         68   isspace_c.o
         0          0          0          0          0          0   iusefp.o
        30          0          0          0          0         68   llshl.o
        32          0          0          0          0         68   llushr.o
        36          0          0          0          0        108   memseta.o
       246         10          0          0          0        176   printf2.o
        40          8          0          0          0         84   scanf_char.o
       878         12          0          0          0        216   scanf_fp.o
         0          0          0          4          0          0   stdout.o
        24          0          0          0          0         68   strcat.o
        14          0          0          0          0         68   strlen.o
        98          0          0          0          0         92   uldiv.o
        56          0          0          0          0         88   d2f.o
       222          0          0          0          0        100   ddiv.o
       186          0          0          0          0        176   depilogue.o
        24          0          0          0          0         76   dfltul.o
       228          0          0          0          0         96   dmul.o
       110          0          0          0          0        168   fepilogue.o

    ----------------------------------------------------------------------
      3298         64         64          4          0       2136   Library Totals
         6          0          0          0          0          0   (incl. Padding)

    ----------------------------------------------------------------------

      Code (inc. data)   RO Data    RW Data    ZI Data      Debug   Library Name

      2466         64         64          4          0       1432   mc_w.l
       826          0          0          0          0        704   mf_w.l

    ----------------------------------------------------------------------
      3298         64         64          4          0       2136   Library Totals

    ----------------------------------------------------------------------

==============================================================================


      Code (inc. data)   RO Data    RW Data    ZI Data      Debug   

     16634        868        822         28       1572     157960   Grand Totals
     16634        868        822         28       1572     157960   ELF Image Totals
     16634        868        822         28          0          0   ROM Totals

==============================================================================

    Total RO  Size (Code + RO Data)                17456 (  17.05kB)
    Total RW  Size (RW Data + ZI Data)              1600 (   1.56kB)
    Total ROM Size (Code + RO Data + RW Data)      17484 (  17.07kB)

==============================================================================

